Archive member included to satisfy reference by file (symbol)

./deps/libopencm3/lib/libopencm3_stm32f4.a(gpio_common_all.o)
                              build/main.o (gpio_toggle)
./deps/libopencm3/lib/libopencm3_stm32f4.a(gpio_common_f0234.o)
                              build/setup.o (gpio_mode_setup)
./deps/libopencm3/lib/libopencm3_stm32f4.a(rcc_common_all.o)
                              build/setup.o (rcc_periph_clock_enable)
./deps/libopencm3/lib/libopencm3_stm32f4.a(rcc.o)
                              build/main.o (rcc_clock_setup_pll)
./deps/libopencm3/lib/libopencm3_stm32f4.a(vector.o)
                              (reset_handler)
./deps/libopencm3/lib/libopencm3_stm32f4.a(flash_common_all.o)
                              ./deps/libopencm3/lib/libopencm3_stm32f4.a(rcc.o) (flash_set_ws)
./deps/libopencm3/lib/libopencm3_stm32f4.a(flash_common_idcache.o)
                              ./deps/libopencm3/lib/libopencm3_stm32f4.a(rcc.o) (flash_dcache_enable)
./deps/libopencm3/lib/libopencm3_stm32f4.a(pwr.o)
                              ./deps/libopencm3/lib/libopencm3_stm32f4.a(rcc.o) (pwr_set_vos_scale)
/opt/gcc_arm_13_2/bin/../lib/gcc/arm-none-eabi/13.2.1/../../../../arm-none-eabi/lib/thumb/v7e-m+fp/hard/libc_nano.a(libc_a-snprintf.o)
                              build/tasks.o (snprintf)
/opt/gcc_arm_13_2/bin/../lib/gcc/arm-none-eabi/13.2.1/../../../../arm-none-eabi/lib/thumb/v7e-m+fp/hard/libc_nano.a(libc_a-memcmp.o)
                              build/SEGGER_SYSVIEW_FreeRTOS.o (memcmp)
/opt/gcc_arm_13_2/bin/../lib/gcc/arm-none-eabi/13.2.1/../../../../arm-none-eabi/lib/thumb/v7e-m+fp/hard/libc_nano.a(libc_a-memset.o)
                              build/tasks.o (memset)
/opt/gcc_arm_13_2/bin/../lib/gcc/arm-none-eabi/13.2.1/../../../../arm-none-eabi/lib/thumb/v7e-m+fp/hard/libc_nano.a(libc_a-impure.o)
                              /opt/gcc_arm_13_2/bin/../lib/gcc/arm-none-eabi/13.2.1/../../../../arm-none-eabi/lib/thumb/v7e-m+fp/hard/libc_nano.a(libc_a-snprintf.o) (_impure_ptr)
/opt/gcc_arm_13_2/bin/../lib/gcc/arm-none-eabi/13.2.1/../../../../arm-none-eabi/lib/thumb/v7e-m+fp/hard/libc_nano.a(libc_a-memcpy-stub.o)
                              build/queue.o (memcpy)
/opt/gcc_arm_13_2/bin/../lib/gcc/arm-none-eabi/13.2.1/../../../../arm-none-eabi/lib/thumb/v7e-m+fp/hard/libc_nano.a(libc_a-strlen.o)
                              build/tasks.o (strlen)
/opt/gcc_arm_13_2/bin/../lib/gcc/arm-none-eabi/13.2.1/../../../../arm-none-eabi/lib/thumb/v7e-m+fp/hard/libc_nano.a(libc_a-strcpy.o)
                              build/tasks.o (strcpy)
/opt/gcc_arm_13_2/bin/../lib/gcc/arm-none-eabi/13.2.1/../../../../arm-none-eabi/lib/thumb/v7e-m+fp/hard/libc_nano.a(libc_a-nano-svfprintf.o)
                              /opt/gcc_arm_13_2/bin/../lib/gcc/arm-none-eabi/13.2.1/../../../../arm-none-eabi/lib/thumb/v7e-m+fp/hard/libc_nano.a(libc_a-snprintf.o) (_svfprintf_r)
/opt/gcc_arm_13_2/bin/../lib/gcc/arm-none-eabi/13.2.1/../../../../arm-none-eabi/lib/thumb/v7e-m+fp/hard/libc_nano.a(libc_a-mallocr.o)
                              /opt/gcc_arm_13_2/bin/../lib/gcc/arm-none-eabi/13.2.1/../../../../arm-none-eabi/lib/thumb/v7e-m+fp/hard/libc_nano.a(libc_a-nano-svfprintf.o) (_malloc_r)
/opt/gcc_arm_13_2/bin/../lib/gcc/arm-none-eabi/13.2.1/../../../../arm-none-eabi/lib/thumb/v7e-m+fp/hard/libc_nano.a(libc_a-nano-vfprintf_i.o)
                              /opt/gcc_arm_13_2/bin/../lib/gcc/arm-none-eabi/13.2.1/../../../../arm-none-eabi/lib/thumb/v7e-m+fp/hard/libc_nano.a(libc_a-nano-svfprintf.o) (_printf_i)
/opt/gcc_arm_13_2/bin/../lib/gcc/arm-none-eabi/13.2.1/../../../../arm-none-eabi/lib/thumb/v7e-m+fp/hard/libc_nano.a(libc_a-mlock.o)
                              /opt/gcc_arm_13_2/bin/../lib/gcc/arm-none-eabi/13.2.1/../../../../arm-none-eabi/lib/thumb/v7e-m+fp/hard/libc_nano.a(libc_a-mallocr.o) (__malloc_lock)
/opt/gcc_arm_13_2/bin/../lib/gcc/arm-none-eabi/13.2.1/../../../../arm-none-eabi/lib/thumb/v7e-m+fp/hard/libc_nano.a(libc_a-reallocr.o)
                              /opt/gcc_arm_13_2/bin/../lib/gcc/arm-none-eabi/13.2.1/../../../../arm-none-eabi/lib/thumb/v7e-m+fp/hard/libc_nano.a(libc_a-nano-svfprintf.o) (_realloc_r)
/opt/gcc_arm_13_2/bin/../lib/gcc/arm-none-eabi/13.2.1/../../../../arm-none-eabi/lib/thumb/v7e-m+fp/hard/libc_nano.a(libc_a-memmove.o)
                              /opt/gcc_arm_13_2/bin/../lib/gcc/arm-none-eabi/13.2.1/../../../../arm-none-eabi/lib/thumb/v7e-m+fp/hard/libc_nano.a(libc_a-nano-svfprintf.o) (memmove)
/opt/gcc_arm_13_2/bin/../lib/gcc/arm-none-eabi/13.2.1/../../../../arm-none-eabi/lib/thumb/v7e-m+fp/hard/libc_nano.a(libc_a-sbrkr.o)
                              /opt/gcc_arm_13_2/bin/../lib/gcc/arm-none-eabi/13.2.1/../../../../arm-none-eabi/lib/thumb/v7e-m+fp/hard/libc_nano.a(libc_a-mallocr.o) (_sbrk_r)
/opt/gcc_arm_13_2/bin/../lib/gcc/arm-none-eabi/13.2.1/../../../../arm-none-eabi/lib/thumb/v7e-m+fp/hard/libc_nano.a(libc_a-lock.o)
[...]
Memory Configuration

Name             Origin             Length             Attributes
ram              0x20000000         0x00020000         xrw
rom              0x08000000         0x00080000         xr
*default*        0x00000000         0xffffffff

Linker script and memory map

LOAD build/tasks.o
LOAD build/queue.o
LOAD build/list.o
LOAD build/timers.o
LOAD build/event_groups.o
LOAD build/heap_4.o
LOAD build/port.o
LOAD build/main.o
LOAD build/setup.o
LOAD build/SEGGER_RTT.o
LOAD build/SEGGER_RTT_printf.o
LOAD build/SEGGER_SYSVIEW.o
LOAD build/SEGGER_SYSVIEW_FreeRTOS.o
LOAD build/SEGGER_SYSVIEW_Config_FreeRTOS.o
LOAD ./build/SEGGER_RTT_ASM_ARMv7M.S.o
LOAD ./deps/libopencm3/lib/libopencm3_stm32f4.a
START GROUP
LOAD /opt/gcc_arm_13_2/bin/../lib/gcc/arm-none-eabi/13.2.1/../../../../arm-none-eabi/lib/thumb/v7e-m+fp/hard/libc_nano.a
LOAD /opt/gcc_arm_13_2/bin/../lib/gcc/arm-none-eabi/13.2.1/thumb/v7e-m+fp/hard/libgcc.a
LOAD /opt/gcc_arm_13_2/bin/../lib/gcc/arm-none-eabi/13.2.1/../../../../arm-none-eabi/lib/thumb/v7e-m+fp/hard/libnosys.a
END GROUP
START GROUP
LOAD /opt/gcc_arm_13_2/bin/../lib/gcc/arm-none-eabi/13.2.1/thumb/v7e-m+fp/hard/libgcc.a
LOAD /opt/gcc_arm_13_2/bin/../lib/gcc/arm-none-eabi/13.2.1/../../../../arm-none-eabi/lib/thumb/v7e-m+fp/hard/libc_nano.a
END GROUP
START GROUP
LOAD /opt/gcc_arm_13_2/bin/../lib/gcc/arm-none-eabi/13.2.1/thumb/v7e-m+fp/hard/libgcc.a
LOAD /opt/gcc_arm_13_2/bin/../lib/gcc/arm-none-eabi/13.2.1/../../../../arm-none-eabi/lib/thumb/v7e-m+fp/hard/libc_nano.a
END GROUP

.text           0x08000000     0x3314
 *(.vectors)
 .vectors       0x08000000      0x1ac ./deps/libopencm3/lib/libopencm3_stm32f4.a(vector.o)
                0x08000000                vector_table
 *(.text*)
 .text.prvAddCurrentTaskToDelayedList
                0x080001ac       0xbc build/tasks.o
 .text.prvResetNextTaskUnblockTime
                0x08000268       0x24 build/tasks.o
 .text.prvIdleTask
                0x0800028c       0x68 build/tasks.o
 .text.xTaskCreate
                0x080002f4      0x200 build/tasks.o
                0x080002f4                xTaskCreate
 .text.vTaskStartScheduler
                0x080004f4       0xb4 build/tasks.o
                0x080004f4                vTaskStartScheduler
 .text.vTaskSuspendAll
                0x080005a8       0x14 build/tasks.o
                0x080005a8                vTaskSuspendAll
 .text.xTaskGetTickCount
                0x080005bc       0x18 build/tasks.o
                0x080005bc                xTaskGetTickCount
 .text.xTaskGetTickCountFromISR
                0x080005d4       0x1c build/tasks.o
                0x080005d4                xTaskGetTickCountFromISR
 .text.xTaskIncrementTick
                0x080005f0      0x174 build/tasks.o
                0x080005f0                xTaskIncrementTick
 .text.xTaskResumeAll
                0x08000764      0x148 build/tasks.o
                0x08000764                xTaskResumeAll
 .text.vTaskDelay
                0x080008ac       0x58 build/tasks.o
                0x080008ac                vTaskDelay
 .text.vTaskSwitchContext
                0x08000904       0x90 build/tasks.o
                0x08000904                vTaskSwitchContext
 .text.vTaskPlaceOnEventList
                0x08000994       0x38 build/tasks.o
                0x08000994                vTaskPlaceOnEventList
 .text.vTaskPlaceOnEventListRestricted
                0x080009cc       0x5c build/tasks.o
                0x080009cc                vTaskPlaceOnEventListRestricted
 .text.xTaskRemoveFromEventList
                0x08000a28       0xe4 build/tasks.o
                0x08000a28                xTaskRemoveFromEventList
 .text.vTaskInternalSetTimeOutState
                0x08000b0c       0x1c build/tasks.o
                0x08000b0c                vTaskInternalSetTimeOutState
 .text.xTaskCheckForTimeOut
                0x08000b28       0x80 build/tasks.o
                0x08000b28                xTaskCheckForTimeOut
 .text.vTaskMissedYield
                0x08000ba8       0x10 build/tasks.o
                0x08000ba8                vTaskMissedYield
 .text.uxTaskGetStackHighWaterMark
                0x08000bb8       0x2c build/tasks.o
                0x08000bb8                uxTaskGetStackHighWaterMark
 .text.xTaskGetSchedulerState
                0x08000be4       0x2c build/tasks.o
                0x08000be4                xTaskGetSchedulerState
 .text.prvIsQueueEmpty
                0x08000c10       0x16 build/queue.o
 .text.prvCopyDataFromQueue
                0x08000c26       0x2c build/queue.o
 .text.prvUnlockQueue
                0x08000c52       0x6c build/queue.o
 .text.xQueueGenericReset
                0x08000cbe       0xa2 build/queue.o
                0x08000cbe                xQueueGenericReset
 .text.xQueueGenericCreate
                0x08000d60       0x62 build/queue.o
                0x08000d60                xQueueGenericCreate
 .text.xQueueReceive
                0x08000dc2      0x14c build/queue.o
                0x08000dc2                xQueueReceive
 *fill*         0x08000f0e        0x2 
 .text.vQueueAddToRegistry
                0x08000f10       0x54 build/queue.o
                0x08000f10                vQueueAddToRegistry
 .text.vQueueWaitForMessageRestricted
                0x08000f64       0x4c build/queue.o
                0x08000f64                vQueueWaitForMessageRestricted
 .text.vListInitialise
                0x08000fb0       0x1c build/list.o
                0x08000fb0                vListInitialise
 .text.vListInitialiseItem
                0x08000fcc        0xc build/list.o
                0x08000fcc                vListInitialiseItem
 .text.vListInsert
                0x08000fd8       0x36 build/list.o
                0x08000fd8                vListInsert
 .text.uxListRemove
                0x0800100e       0x2c build/list.o
                0x0800100e                uxListRemove
 *fill*         0x0800103a        0x2 
 .text.prvInsertTimerInActiveList
                0x0800103c       0x3c build/timers.o
 .text.prvReloadTimer
                0x08001078       0x26 build/timers.o
 *fill*         0x0800109e        0x2 
 .text.prvProcessExpiredTimer
                0x080010a0       0x40 build/timers.o
 .text.prvSampleTimeNow
                0x080010e0       0x4c build/timers.o
 .text.prvTimerTask
                0x0800112c      0x170 build/timers.o
 .text.prvCheckForValidListAndQueue
                0x0800129c       0x58 build/timers.o
 .text.xTimerCreateTimerTask
                0x080012f4       0x5c build/timers.o
                0x080012f4                xTimerCreateTimerTask
 .text.pvPortMalloc
                0x08001350      0x194 build/heap_4.o
                0x08001350                pvPortMalloc
 .text.vPortFree
                0x080014e4       0xfc build/heap_4.o
                0x080014e4                vPortFree
 .text.sv_call_handler
                0x080015e0       0x24 build/port.o
                0x080015e0                sv_call_handler
 .text.prvPortStartFirstTask
                0x08001604       0x28 build/port.o
 *fill*         0x0800162c        0x4 
 .text.pend_sv_handler
                0x08001630       0x64 build/port.o
                0x08001630                pend_sv_handler
 .text.vPortEnableVFP
                0x08001694       0x14 build/port.o
 .text.prvTaskExitError
                0x080016a8       0x40 build/port.o
 .text.pxPortInitialiseStack
                0x080016e8       0x2c build/port.o
                0x080016e8                pxPortInitialiseStack
 .text.vPortEnterCritical
                0x08001714       0x40 build/port.o
                0x08001714                vPortEnterCritical
 .text.vPortExitCritical
                0x08001754       0x28 build/port.o
                0x08001754                vPortExitCritical
 .text.sys_tick_handler
                0x0800177c       0x3a build/port.o
                0x0800177c                sys_tick_handler
 *fill*         0x080017b6        0x2 
 .text.vPortSetupTimerInterrupt
                0x080017b8       0x18 build/port.o
                0x080017b8                vPortSetupTimerInterrupt
 .text.xPortStartScheduler
                0x080017d0      0x178 build/port.o
                0x080017d0                xPortStartScheduler
 .text.vPortValidateInterruptPriority
                0x08001948       0x5c build/port.o
                0x08001948                vPortValidateInterruptPriority
 .text.task2    0x080019a4       0x28 build/main.o
 .text.task1    0x080019cc       0x1c build/main.o
 .text.startup.main
                0x080019e8       0x50 build/main.o
                0x080019e8                main
 .text.system_setup
                0x08001a38       0x20 build/setup.o
                0x08001a38                system_setup
 .text._GetAvailWriteSpace
                0x08001a58       0x12 build/SEGGER_RTT.o
 .text._WriteNoCheck
                0x08001a6a       0x3a build/SEGGER_RTT.o
 .text._WriteBlocking
                0x08001aa4       0x5a build/SEGGER_RTT.o
 *fill*         0x08001afe        0x2 
 .text._DoInit  0x08001b00       0x68 build/SEGGER_RTT.o
 .text.SEGGER_RTT_ReadNoLock
                0x08001b68       0x8c build/SEGGER_RTT.o
                0x08001b68                SEGGER_RTT_ReadNoLock
 .text.SEGGER_RTT_WriteNoLock
                0x08001bf4       0x58 build/SEGGER_RTT.o
                0x08001bf4                SEGGER_RTT_WriteNoLock
 .text.SEGGER_RTT_Write
                0x08001c4c       0x34 build/SEGGER_RTT.o
                0x08001c4c                SEGGER_RTT_Write
 .text.SEGGER_RTT_AllocUpBuffer
                0x08001c80       0x74 build/SEGGER_RTT.o
                0x08001c80                SEGGER_RTT_AllocUpBuffer
 .text.SEGGER_RTT_ConfigDownBuffer
                0x08001cf4       0x64 build/SEGGER_RTT.o
                0x08001cf4                SEGGER_RTT_ConfigDownBuffer
 .text._StoreChar
                0x08001d58       0x3c build/SEGGER_RTT_printf.o
 .text._PrintUnsigned
                0x08001d94       0xd0 build/SEGGER_RTT_printf.o
 .text.SEGGER_RTT_vprintf
                0x08001e64      0x264 build/SEGGER_RTT_printf.o
                0x08001e64                SEGGER_RTT_vprintf
 .text.SEGGER_RTT_printf
                0x080020c8       0x1c build/SEGGER_RTT_printf.o
                0x080020c8                SEGGER_RTT_printf
 .text._EncodeStr
                0x080020e4       0x2a build/SEGGER_SYSVIEW.o
 *fill*         0x0800210e        0x2 
 .text.SEGGER_SYSVIEW_Init
                0x08002110       0x6c build/SEGGER_SYSVIEW.o
                0x08002110                SEGGER_SYSVIEW_Init
 .text.SEGGER_SYSVIEW_SetRAMBase
                0x0800217c        0xc build/SEGGER_SYSVIEW.o
                0x0800217c                SEGGER_SYSVIEW_SetRAMBase
 .text.SEGGER_SYSVIEW_SendTaskList
                0x08002188       0x14 build/SEGGER_SYSVIEW.o
                0x08002188                SEGGER_SYSVIEW_SendTaskList
 .text.SEGGER_SYSVIEW_ShrinkId
                0x0800219c        0xc build/SEGGER_SYSVIEW.o
                0x0800219c                SEGGER_SYSVIEW_ShrinkId
 .text.SEGGER_SYSVIEW_SendModuleDescription
                0x080021a8       0x18 build/SEGGER_SYSVIEW.o
                0x080021a8                SEGGER_SYSVIEW_SendModuleDescription
 .text.SEGGER_SYSVIEW_SendNumModules
                0x080021c0       0x40 build/SEGGER_SYSVIEW.o
                0x080021c0                SEGGER_SYSVIEW_SendNumModules
 .text.SEGGER_SYSVIEW_Start
                0x08002200       0xb8 build/SEGGER_SYSVIEW.o
                0x08002200                SEGGER_SYSVIEW_Start
 .text._HandleIncomingPacket
                0x080022b8       0x90 build/SEGGER_SYSVIEW.o
 .text._SendPacket
                0x08002348      0x1b4 build/SEGGER_SYSVIEW.o
 .text.SEGGER_SYSVIEW_RecordVoid
                0x080024fc       0x24 build/SEGGER_SYSVIEW.o
                0x080024fc                SEGGER_SYSVIEW_RecordVoid
 .text.SEGGER_SYSVIEW_RecordU32
                0x08002520       0x40 build/SEGGER_SYSVIEW.o
                0x08002520                SEGGER_SYSVIEW_RecordU32
 .text.SEGGER_SYSVIEW_RecordU32x2
                0x08002560       0x58 build/SEGGER_SYSVIEW.o
                0x08002560                SEGGER_SYSVIEW_RecordU32x2
 .text.SEGGER_SYSVIEW_RecordSystime
                0x080025b8       0x34 build/SEGGER_SYSVIEW.o
                0x080025b8                SEGGER_SYSVIEW_RecordSystime
 .text.SEGGER_SYSVIEW_Stop
                0x080025ec       0x30 build/SEGGER_SYSVIEW.o
                0x080025ec                SEGGER_SYSVIEW_Stop
 .text.SEGGER_SYSVIEW_GetSysDesc
                0x0800261c       0x88 build/SEGGER_SYSVIEW.o
                0x0800261c                SEGGER_SYSVIEW_GetSysDesc
 .text.SEGGER_SYSVIEW_SendTaskInfo
                0x080026a4       0xd4 build/SEGGER_SYSVIEW.o
                0x080026a4                SEGGER_SYSVIEW_SendTaskInfo
 .text.SEGGER_SYSVIEW_SendSysDesc
                0x08002778       0x30 build/SEGGER_SYSVIEW.o
                0x08002778                SEGGER_SYSVIEW_SendSysDesc
 .text.SEGGER_SYSVIEW_RecordEnterISR
                0x080027a8       0x4c build/SEGGER_SYSVIEW.o
                0x080027a8                SEGGER_SYSVIEW_RecordEnterISR
 .text.SEGGER_SYSVIEW_RecordExitISR
                0x080027f4       0x24 build/SEGGER_SYSVIEW.o
                0x080027f4                SEGGER_SYSVIEW_RecordExitISR
 .text.SEGGER_SYSVIEW_RecordExitISRToScheduler
                0x08002818       0x24 build/SEGGER_SYSVIEW.o
                0x08002818                SEGGER_SYSVIEW_RecordExitISRToScheduler
 .text.SEGGER_SYSVIEW_RecordEndCall
                0x0800283c       0x3c build/SEGGER_SYSVIEW.o
                0x0800283c                SEGGER_SYSVIEW_RecordEndCall
 .text.SEGGER_SYSVIEW_RecordEndCallU32
                0x08002878       0x58 build/SEGGER_SYSVIEW.o
                0x08002878                SEGGER_SYSVIEW_RecordEndCallU32
 .text.SEGGER_SYSVIEW_OnIdle
                0x080028d0       0x24 build/SEGGER_SYSVIEW.o
                0x080028d0                SEGGER_SYSVIEW_OnIdle
 .text.SEGGER_SYSVIEW_OnTaskCreate
                0x080028f4       0x48 build/SEGGER_SYSVIEW.o
                0x080028f4                SEGGER_SYSVIEW_OnTaskCreate
 .text.SEGGER_SYSVIEW_OnTaskStartExec
                0x0800293c       0x48 build/SEGGER_SYSVIEW.o
                0x0800293c                SEGGER_SYSVIEW_OnTaskStartExec
 .text.SEGGER_SYSVIEW_OnTaskStartReady
                0x08002984       0x48 build/SEGGER_SYSVIEW.o
                0x08002984                SEGGER_SYSVIEW_OnTaskStartReady
 .text.SEGGER_SYSVIEW_OnTaskStopReady
                0x080029cc       0x64 build/SEGGER_SYSVIEW.o
                0x080029cc                SEGGER_SYSVIEW_OnTaskStopReady
 .text.SEGGER_SYSVIEW_SendModule
                0x08002a30       0x8c build/SEGGER_SYSVIEW.o
                0x08002a30                SEGGER_SYSVIEW_SendModule
 .text.SEGGER_SYSVIEW_Warn
                0x08002abc       0x38 build/SEGGER_SYSVIEW.o
                0x08002abc                SEGGER_SYSVIEW_Warn
 .text._cbGetTime
                0x08002af4       0x10 build/SEGGER_SYSVIEW_FreeRTOS.o
 .text.SYSVIEW_SendTaskInfo
                0x08002b04       0x1a build/SEGGER_SYSVIEW_FreeRTOS.o
                0x08002b04                SYSVIEW_SendTaskInfo
 *fill*         0x08002b1e        0x2 
 .text.SYSVIEW_AddTask
                0x08002b20       0x74 build/SEGGER_SYSVIEW_FreeRTOS.o
                0x08002b20                SYSVIEW_AddTask
 .text._cbSendTaskList
                0x08002b94       0x3c build/SEGGER_SYSVIEW_FreeRTOS.o
 .text._cbSendSystemDesc
                0x08002bd0       0x1c build/SEGGER_SYSVIEW_Config_FreeRTOS.o
 .text.SEGGER_SYSVIEW_Conf
                0x08002bec       0x28 build/SEGGER_SYSVIEW_Config_FreeRTOS.o
                0x08002bec                SEGGER_SYSVIEW_Conf
 .text          0x08002c14       0x94 ./build/SEGGER_RTT_ASM_ARMv7M.S.o
                0x08002c14                SEGGER_RTT_ASM_WriteSkipNoLock
 .text.gpio_toggle
                0x08002ca8       0x12 ./deps/libopencm3/lib/libopencm3_stm32f4.a(gpio_common_all.o)
                0x08002ca8                gpio_toggle
 .text.gpio_mode_setup
                0x08002cba       0x40 ./deps/libopencm3/lib/libopencm3_stm32f4.a(gpio_common_f0234.o)
                0x08002cba                gpio_mode_setup
 .text.rcc_periph_clock_enable
                0x08002cfa       0x1a ./deps/libopencm3/lib/libopencm3_stm32f4.a(rcc_common_all.o)
                0x08002cfa                rcc_periph_clock_enable
 .text.rcc_is_osc_ready
                0x08002d14       0x64 ./deps/libopencm3/lib/libopencm3_stm32f4.a(rcc.o)
                0x08002d14                rcc_is_osc_ready
 .text.rcc_wait_for_osc_ready
                0x08002d78       0x10 ./deps/libopencm3/lib/libopencm3_stm32f4.a(rcc.o)
                0x08002d78                rcc_wait_for_osc_ready
 .text.rcc_osc_on
                0x08002d88       0x74 ./deps/libopencm3/lib/libopencm3_stm32f4.a(rcc.o)
                0x08002d88                rcc_osc_on
 .text.rcc_osc_off
                0x08002dfc       0x74 ./deps/libopencm3/lib/libopencm3_stm32f4.a(rcc.o)
                0x08002dfc                rcc_osc_off
 .text.rcc_set_sysclk_source
                0x08002e70       0x18 ./deps/libopencm3/lib/libopencm3_stm32f4.a(rcc.o)
                0x08002e70                rcc_set_sysclk_source
 .text.rcc_set_ppre2
                0x08002e88       0x18 ./deps/libopencm3/lib/libopencm3_stm32f4.a(rcc.o)
                0x08002e88                rcc_set_ppre2
 .text.rcc_set_ppre1
                0x08002ea0       0x18 ./deps/libopencm3/lib/libopencm3_stm32f4.a(rcc.o)
                0x08002ea0                rcc_set_ppre1
 .text.rcc_set_hpre
                0x08002eb8       0x18 ./deps/libopencm3/lib/libopencm3_stm32f4.a(rcc.o)
                0x08002eb8                rcc_set_hpre
 .text.rcc_set_main_pll_hsi
                0x08002ed0       0x44 ./deps/libopencm3/lib/libopencm3_stm32f4.a(rcc.o)
                0x08002ed0                rcc_set_main_pll_hsi
 .text.rcc_set_main_pll_hse
                0x08002f14       0x44 ./deps/libopencm3/lib/libopencm3_stm32f4.a(rcc.o)
                0x08002f14                rcc_set_main_pll_hse
 .text.rcc_clock_setup_pll
                0x08002f58       0xe4 ./deps/libopencm3/lib/libopencm3_stm32f4.a(rcc.o)
                0x08002f58                rcc_clock_setup_pll
 .text.blocking_handler
                0x0800303c        0x2 ./deps/libopencm3/lib/libopencm3_stm32f4.a(vector.o)
                0x0800303c                exti0_isr
                0x0800303c                tim8_brk_tim12_isr
                0x0800303c                dma1_stream7_isr
                0x0800303c                usart3_isr
                0x0800303c                tim7_isr
                0x0800303c                dma2d_isr
                0x0800303c                uart8_isr
                0x0800303c                dma1_stream2_isr
                0x0800303c                otg_hs_isr
                0x0800303c                blocking_handler
                0x0800303c                tim5_isr
                0x0800303c                rtc_wkup_isr
                0x0800303c                otg_fs_isr
                0x0800303c                spi1_isr
                0x0800303c                i2c3_er_isr
                0x0800303c                exti2_isr
                0x0800303c                spi5_isr
                0x0800303c                usb_fs_wkup_isr
                0x0800303c                tamp_stamp_isr
                0x0800303c                can1_rx1_isr
                0x0800303c                dma2_stream0_isr
                0x0800303c                usart1_isr
                0x0800303c                i2c3_ev_isr
                0x0800303c                usage_fault_handler
                0x0800303c                can2_rx0_isr
                0x0800303c                dma1_stream6_isr
                0x0800303c                can2_rx1_isr
                0x0800303c                can1_sce_isr
                0x0800303c                tim1_cc_isr
                0x0800303c                can1_tx_isr
                0x0800303c                tim1_up_tim10_isr
                0x0800303c                sdio_isr
                0x0800303c                eth_isr
                0x0800303c                spi6_isr
                0x0800303c                dma2_stream5_isr
                0x0800303c                pvd_isr
                0x0800303c                can1_rx0_isr
                0x0800303c                rcc_isr
                0x0800303c                dma2_stream3_isr
                0x0800303c                flash_isr
                0x0800303c                uart4_isr
                0x0800303c                lcd_tft_isr
                0x0800303c                rtc_alarm_isr
                0x0800303c                exti15_10_isr
                0x0800303c                hash_rng_isr
                0x0800303c                tim1_trg_com_tim11_isr
                0x0800303c                hard_fault_handler
                0x0800303c                exti1_isr
                0x0800303c                i2c1_ev_isr
                0x0800303c                usart6_isr
                0x0800303c                spi2_isr
                0x0800303c                cryp_isr
                0x0800303c                nvic_wwdg_isr
                0x0800303c                dma1_stream1_isr
                0x0800303c                dma2_stream4_isr
                0x0800303c                exti3_isr
                0x0800303c                tim3_isr
                0x0800303c                usart2_isr
                0x0800303c                sai1_isr
                0x0800303c                fpu_isr
                0x0800303c                dma1_stream4_isr
                0x0800303c                i2c2_er_isr
                0x0800303c                i2c2_ev_isr
                0x0800303c                uart5_isr
                0x0800303c                dma2_stream6_isr
                0x0800303c                spi4_isr
                0x0800303c                adc_isr
                0x0800303c                dma2_stream7_isr
                0x0800303c                tim8_up_tim13_isr
                0x0800303c                fsmc_isr
                0x0800303c                exti4_isr
                0x0800303c                tim6_dac_isr
                0x0800303c                dma1_stream3_isr
                0x0800303c                tim8_trg_com_tim14_isr
                0x0800303c                mem_manage_handler
                0x0800303c                lcd_tft_err_isr
                0x0800303c                can2_tx_isr
                0x0800303c                exti9_5_isr
                0x0800303c                tim1_brk_tim9_isr
                0x0800303c                uart7_isr
                0x0800303c                can2_sce_isr
                0x0800303c                tim4_isr
                0x0800303c                otg_hs_wkup_isr
                0x0800303c                i2c1_er_isr
                0x0800303c                dma1_stream0_isr
                0x0800303c                tim8_cc_isr
                0x0800303c                dcmi_isr
                0x0800303c                dma2_stream2_isr
                0x0800303c                eth_wkup_isr
                0x0800303c                bus_fault_handler
                0x0800303c                otg_hs_ep1_out_isr
                0x0800303c                spi3_isr
                0x0800303c                dma1_stream5_isr
                0x0800303c                otg_hs_ep1_in_isr
                0x0800303c                tim2_isr
                0x0800303c                dma2_stream1_isr
 .text.null_handler
                0x0800303e        0x2 ./deps/libopencm3/lib/libopencm3_stm32f4.a(vector.o)
                0x0800303e                null_handler
                0x0800303e                debug_monitor_handler
                0x0800303e                nmi_handler
 .text.reset_handler
                0x08003040       0xa0 ./deps/libopencm3/lib/libopencm3_stm32f4.a(vector.o)
                0x08003040                reset_handler
 .text.flash_set_ws
                0x080030e0       0x18 ./deps/libopencm3/lib/libopencm3_stm32f4.a(flash_common_all.o)
                0x080030e0                flash_set_ws
 .text.flash_dcache_enable
                0x080030f8       0x14 ./deps/libopencm3/lib/libopencm3_stm32f4.a(flash_common_idcache.o)
                0x080030f8                flash_dcache_enable
 .text.flash_dcache_disable
                0x0800310c       0x14 ./deps/libopencm3/lib/libopencm3_stm32f4.a(flash_common_idcache.o)
                0x0800310c                flash_dcache_disable
 .text.flash_icache_enable
                0x08003120       0x14 ./deps/libopencm3/lib/libopencm3_stm32f4.a(flash_common_idcache.o)
                0x08003120                flash_icache_enable
 .text.flash_icache_disable
                0x08003134       0x14 ./deps/libopencm3/lib/libopencm3_stm32f4.a(flash_common_idcache.o)
                0x08003134                flash_icache_disable
 .text.pwr_set_vos_scale
                0x08003148       0x10 ./deps/libopencm3/lib/libopencm3_stm32f4.a(pwr.o)
                0x08003148                pwr_set_vos_scale
 .text.memcmp   0x08003158       0x20 /opt/gcc_arm_13_2/bin/../lib/gcc/arm-none-eabi/13.2.1/../../../../arm-none-eabi/lib/thumb/v7e-m+fp/hard/libc_nano.a(libc_a-memcmp.o)
                0x08003158                memcmp
 .text.memset   0x08003178       0x10 /opt/gcc_arm_13_2/bin/../lib/gcc/arm-none-eabi/13.2.1/../../../../arm-none-eabi/lib/thumb/v7e-m+fp/hard/libc_nano.a(libc_a-memset.o)
                0x08003178                memset
 .text.memcpy   0x08003188       0x1c /opt/gcc_arm_13_2/bin/../lib/gcc/arm-none-eabi/13.2.1/../../../../arm-none-eabi/lib/thumb/v7e-m+fp/hard/libc_nano.a(libc_a-memcpy-stub.o)
                0x08003188                memcpy
                0x080031a4                        . = ALIGN (0x4)
 *(.rodata*)
 .rodata.vTaskStartScheduler.str1.1
                0x080031a4       0xc6 build/tasks.o
                                  0x5 (size before relaxing)
 *fill*         0x0800326a        0x2 
 .rodata.uxTopUsedPriority
                0x0800326c        0x4 build/tasks.o
 .rodata.prvCheckForValidListAndQueue.str1.1
                0x08003270        0x5 build/timers.o
 .rodata.xTimerCreateTimerTask.str1.1
                0x08003270        0x8 build/timers.o
 .rodata.task2.str1.1
                0x08003270        0x7 build/main.o
 .rodata.main.str1.1
                0x08003270        0xc build/main.o
 .rodata._DoInit.str1.1
                0x08003270        0x9 build/SEGGER_RTT.o
 .rodata._aInitStr.0
                0x08003270       0x11 build/SEGGER_RTT.o
 .rodata._aV2C.0
                0x08003281       0x10 build/SEGGER_RTT_printf.o
 .rodata.SEGGER_SYSVIEW_Init.str1.1
                0x08003291        0x8 build/SEGGER_SYSVIEW.o
 .rodata._abSync
                0x08003291        0xa build/SEGGER_SYSVIEW.o
 .rodata.SYSVIEW_AddTask.str1.1
                0x0800329b       0x55 build/SEGGER_SYSVIEW_FreeRTOS.o
 *fill*         0x0800329b        0x1 
 .rodata.SYSVIEW_X_OS_TraceAPI
                0x0800329c        0x8 build/SEGGER_SYSVIEW_FreeRTOS.o
                0x0800329c                SYSVIEW_X_OS_TraceAPI
 .rodata._cbSendSystemDesc.str1.1
                0x080032a4       0x40 build/SEGGER_SYSVIEW_Config_FreeRTOS.o
 .rodata.rcc_hse_16mhz_3v3
                0x080032a4       0x70 ./deps/libopencm3/lib/libopencm3_stm32f4.a(rcc.o)
                0x080032a4                rcc_hse_16mhz_3v3
                0x08003314                        . = ALIGN (0x4)

.glue_7         0x08003314        0x0
 .glue_7        0x08003314        0x0 linker stubs

.glue_7t        0x08003314        0x0
 .glue_7t       0x08003314        0x0 linker stubs

.vfp11_veneer   0x08003314        0x0
 .vfp11_veneer  0x08003314        0x0 linker stubs

.v4_bx          0x08003314        0x0
 .v4_bx         0x08003314        0x0 linker stubs

.iplt           0x08003314        0x0
 .iplt          0x08003314        0x0 build/tasks.o

.rel.dyn        0x08003314        0x0
 .rel.iplt      0x08003314        0x0 build/tasks.o

.preinit_array  0x08003314        0x0
                0x08003314                        . = ALIGN (0x4)
                0x08003314                        __preinit_array_start = .
 *(.preinit_array)
                0x08003314                        __preinit_array_end = .

.init_array     0x08003314        0x0
                0x08003314                        . = ALIGN (0x4)
                0x08003314                        __init_array_start = .
 *(SORT_BY_NAME(.init_array.*))
 *(.init_array)
                0x08003314                        __init_array_end = .

.fini_array     0x08003314        0x0
                0x08003314                        . = ALIGN (0x4)
                0x08003314                        __fini_array_start = .
 *(.fini_array)
 *(SORT_BY_NAME(.fini_array.*))
                0x08003314                        __fini_array_end = .

.ARM.extab
 *(.ARM.extab*)

.ARM.exidx      0x08003314        0x0
                0x08003314                        __exidx_start = .
 *(.ARM.exidx*)
                0x08003314                        __exidx_end = .
                0x08003314                        . = ALIGN (0x4)
                0x08003314                        _etext = .

.noinit
 *(.noinit*)
                0x08003314                        . = ALIGN (0x4)

.data           0x20000000       0x10 load address 0x08003314
                0x20000000                        _data = .
 *(.data*)
 .data.uxCriticalNesting
                0x20000000        0x4 build/port.o
 .data.rcc_apb2_frequency
                0x20000004        0x4 ./deps/libopencm3/lib/libopencm3_stm32f4.a(rcc.o)
                0x20000004                rcc_apb2_frequency
 .data.rcc_apb1_frequency
                0x20000008        0x4 ./deps/libopencm3/lib/libopencm3_stm32f4.a(rcc.o)
                0x20000008                rcc_apb1_frequency
 .data.rcc_ahb_frequency
                0x2000000c        0x4 ./deps/libopencm3/lib/libopencm3_stm32f4.a(rcc.o)
                0x2000000c                rcc_ahb_frequency
 *(.ramtext*)
                0x20000010                        . = ALIGN (0x4)
                0x20000010                        _edata = .
                0x08003314                        _data_loadaddr = LOADADDR (.data)

.igot.plt       0x20000010        0x0 load address 0x08003324
 .igot.plt      0x20000010        0x0 build/tasks.o

.bss            0x20000010     0x5c18 load address 0x08003324
 *(.bss*)
 .bss.uxSchedulerSuspended
                0x20000010        0x4 build/tasks.o
 .bss.xIdleTaskHandles
                0x20000014        0x4 build/tasks.o
 .bss.xNextTaskUnblockTime
                0x20000018        0x4 build/tasks.o
 .bss.uxTaskNumber
                0x2000001c        0x4 build/tasks.o
 .bss.xNumOfOverflows
                0x20000020        0x4 build/tasks.o
 .bss.xYieldPendings
                0x20000024        0x4 build/tasks.o
 .bss.xPendedTicks
                0x20000028        0x4 build/tasks.o
 .bss.xSchedulerRunning
                0x2000002c        0x4 build/tasks.o
 .bss.uxTopReadyPriority
                0x20000030        0x4 build/tasks.o
 .bss.xTickCount
                0x20000034        0x4 build/tasks.o
 .bss.uxCurrentNumberOfTasks
                0x20000038        0x4 build/tasks.o
 .bss.xSuspendedTaskList
                0x2000003c       0x14 build/tasks.o
 .bss.uxDeletedTasksWaitingCleanUp
                0x20000050        0x4 build/tasks.o
 .bss.xTasksWaitingTermination
                0x20000054       0x14 build/tasks.o
 .bss.xPendingReadyList
                0x20000068       0x14 build/tasks.o
 .bss.pxOverflowDelayedTaskList
                0x2000007c        0x4 build/tasks.o
 .bss.pxDelayedTaskList
                0x20000080        0x4 build/tasks.o
 .bss.xDelayedTaskList2
                0x20000084       0x14 build/tasks.o
 .bss.xDelayedTaskList1
                0x20000098       0x14 build/tasks.o
 .bss.pxReadyTasksLists
                0x200000ac       0x64 build/tasks.o
 .bss.pxCurrentTCB
                0x20000110        0x4 build/tasks.o
                0x20000110                pxCurrentTCB
 .bss.xQueueRegistry
                0x20000114       0x40 build/queue.o
                0x20000114                xQueueRegistry
 .bss.xLastTime.0
                0x20000154        0x4 build/timers.o
 .bss.xTimerTaskHandle
                0x20000158        0x4 build/timers.o
 .bss.xTimerQueue
                0x2000015c        0x4 build/timers.o
 .bss.pxOverflowTimerList
                0x20000160        0x4 build/timers.o
 .bss.pxCurrentTimerList
                0x20000164        0x4 build/timers.o
 .bss.xActiveTimerList2
                0x20000168       0x14 build/timers.o
 .bss.xActiveTimerList1
                0x2000017c       0x14 build/timers.o
 .bss.xNumberOfSuccessfulFrees
                0x20000190        0x4 build/heap_4.o
 .bss.xNumberOfSuccessfulAllocations
                0x20000194        0x4 build/heap_4.o
 .bss.xMinimumEverFreeBytesRemaining
                0x20000198        0x4 build/heap_4.o
 .bss.xFreeBytesRemaining
                0x2000019c        0x4 build/heap_4.o
 .bss.pxEnd     0x200001a0        0x4 build/heap_4.o
 .bss.xStart    0x200001a4        0x8 build/heap_4.o
 .bss.ucHeap    0x200001ac     0x5000 build/heap_4.o
 .bss.ulMaxPRIGROUPValue
                0x200051ac        0x4 build/port.o
 .bss.ucMaxSysCallPriority
                0x200051b0        0x1 build/port.o
 .bss._acDownBuffer
                0x200051b1       0x10 build/SEGGER_RTT.o
 .bss._acUpBuffer
                0x200051c1      0x400 build/SEGGER_RTT.o
 *fill*         0x200055c1        0x3 
 .bss._SEGGER_RTT
                0x200055c4       0xa8 build/SEGGER_RTT.o
                0x200055c4                _SEGGER_RTT
 .bss._aPacket  0x2000566c       0xe3 build/SEGGER_SYSVIEW.o
 .bss._NumModules
                0x2000574f        0x1 build/SEGGER_SYSVIEW.o
 .bss._pFirstModule
                0x20005750        0x4 build/SEGGER_SYSVIEW.o
 .bss._SYSVIEW_Globals
                0x20005754       0x28 build/SEGGER_SYSVIEW.o
 .bss._DownBuffer
                0x2000577c        0x8 build/SEGGER_SYSVIEW.o
 .bss._UpBuffer
                0x20005784      0x400 build/SEGGER_SYSVIEW.o
 .bss._NumTasks
                0x20005b84        0x4 build/SEGGER_SYSVIEW_FreeRTOS.o
 .bss._aTasks   0x20005b88       0xa0 build/SEGGER_SYSVIEW_FreeRTOS.o
 *(COMMON)
                0x20005c28                        . = ALIGN (0x4)
                0x20005c28                        _ebss = .

/DISCARD/
 *(.eh_frame)
                0x20005c28                        . = ALIGN (0x4)
                0x20005c28                        end = .
                0x20020000                        PROVIDE (_stack = (ORIGIN (ram) + LENGTH (ram)))
OUTPUT(build/main.elf elf32-littlearm)
LOAD linker stubs

.debug_info     0x00000000    0x144e7
 .debug_info    0x00000000     0x42b7 build/tasks.o
 .debug_info    0x000042b7     0x27f0 build/queue.o
 .debug_info    0x00006aa7      0x362 build/list.o
 .debug_info    0x00006e09     0x169a build/timers.o
 .debug_info    0x000084a3      0x726 build/heap_4.o
 .debug_info    0x00008bc9      0x65c build/port.o
 .debug_info    0x00009225      0x4b5 build/main.o
 .debug_info    0x000096da      0x582 build/setup.o
 .debug_info    0x00009c5c     0x1d04 build/SEGGER_RTT.o
 .debug_info    0x0000b960      0x608 build/SEGGER_RTT_printf.o
 .debug_info    0x0000bf68     0x5a0f build/SEGGER_SYSVIEW.o
 .debug_info    0x00011977      0x6b7 build/SEGGER_SYSVIEW_FreeRTOS.o
 .debug_info    0x0001202e      0x1ba build/SEGGER_SYSVIEW_Config_FreeRTOS.o
 .debug_info    0x000121e8       0x25 ./build/SEGGER_RTT_ASM_ARMv7M.S.o
 .debug_info    0x0001220d      0x256 ./deps/libopencm3/lib/libopencm3_stm32f4.a(gpio_common_all.o)
 .debug_info    0x00012463      0x21b ./deps/libopencm3/lib/libopencm3_stm32f4.a(gpio_common_f0234.o)
 .debug_info    0x0001267e      0x932 ./deps/libopencm3/lib/libopencm3_stm32f4.a(rcc_common_all.o)
 .debug_info    0x00012fb0      0xfa1 ./deps/libopencm3/lib/libopencm3_stm32f4.a(rcc.o)
 .debug_info    0x00013f51      0x2d9 ./deps/libopencm3/lib/libopencm3_stm32f4.a(vector.o)
 .debug_info    0x0001422a       0xf1 ./deps/libopencm3/lib/libopencm3_stm32f4.a(flash_common_all.o)
 .debug_info    0x0001431b       0xe9 ./deps/libopencm3/lib/libopencm3_stm32f4.a(flash_common_idcache.o)
 .debug_info    0x00014404       0xe3 ./deps/libopencm3/lib/libopencm3_stm32f4.a(pwr.o)

.debug_abbrev   0x00000000     0x2d8d
 .debug_abbrev  0x00000000      0x4db build/tasks.o
 .debug_abbrev  0x000004db      0x410 build/queue.o
 .debug_abbrev  0x000008eb      0x137 build/list.o
 .debug_abbrev  0x00000a22      0x3f3 build/timers.o
 .debug_abbrev  0x00000e15      0x33c build/heap_4.o
 .debug_abbrev  0x00001151      0x299 build/port.o
 .debug_abbrev  0x000013ea      0x1de build/main.o
 .debug_abbrev  0x000015c8       0xc3 build/setup.o
 .debug_abbrev  0x0000168b      0x2cb build/SEGGER_RTT.o
 .debug_abbrev  0x00001956      0x29f build/SEGGER_RTT_printf.o
 .debug_abbrev  0x00001bf5      0x4cc build/SEGGER_SYSVIEW.o
 .debug_abbrev  0x000020c1      0x289 build/SEGGER_SYSVIEW_FreeRTOS.o
 .debug_abbrev  0x0000234a      0x117 build/SEGGER_SYSVIEW_Config_FreeRTOS.o
 .debug_abbrev  0x00002461       0x14 ./build/SEGGER_RTT_ASM_ARMv7M.S.o
 .debug_abbrev  0x00002475      0x115 ./deps/libopencm3/lib/libopencm3_stm32f4.a(gpio_common_all.o)
 .debug_abbrev  0x0000258a       0xc2 ./deps/libopencm3/lib/libopencm3_stm32f4.a(gpio_common_f0234.o)
 .debug_abbrev  0x0000264c      0x185 ./deps/libopencm3/lib/libopencm3_stm32f4.a(rcc_common_all.o)
 .debug_abbrev  0x000027d1      0x2da ./deps/libopencm3/lib/libopencm3_stm32f4.a(rcc.o)
 .debug_abbrev  0x00002aab      0x15f ./deps/libopencm3/lib/libopencm3_stm32f4.a(vector.o)
 .debug_abbrev  0x00002c0a       0x96 ./deps/libopencm3/lib/libopencm3_stm32f4.a(flash_common_all.o)
 .debug_abbrev  0x00002ca0       0x56 ./deps/libopencm3/lib/libopencm3_stm32f4.a(flash_common_idcache.o)
 .debug_abbrev  0x00002cf6       0x97 ./deps/libopencm3/lib/libopencm3_stm32f4.a(pwr.o)

.debug_loclists
                0x00000000     0xb5a9
 .debug_loclists
                0x00000000     0x1f55 build/tasks.o
 .debug_loclists
                0x00001f55      0xffa build/queue.o
 .debug_loclists
                0x00002f4f      0x15f build/list.o
 .debug_loclists
                0x000030ae      0x8cb build/timers.o
 .debug_loclists
                0x00003979      0x394 build/heap_4.o
 .debug_loclists
                0x00003d0d       0xce build/port.o
 .debug_loclists
                0x00003ddb       0x46 build/main.o
 .debug_loclists
                0x00003e21     0x1343 build/SEGGER_RTT.o
 .debug_loclists
                0x00005164      0x621 build/SEGGER_RTT_printf.o
 .debug_loclists
                0x00005785     0x5077 build/SEGGER_SYSVIEW.o
 .debug_loclists
                0x0000a7fc      0x574 build/SEGGER_SYSVIEW_FreeRTOS.o
 .debug_loclists
                0x0000ad70       0x96 ./deps/libopencm3/lib/libopencm3_stm32f4.a(gpio_common_all.o)
 .debug_loclists
                0x0000ae06       0xf9 ./deps/libopencm3/lib/libopencm3_stm32f4.a(gpio_common_f0234.o)
 .debug_loclists
                0x0000aeff       0x87 ./deps/libopencm3/lib/libopencm3_stm32f4.a(rcc_common_all.o)
 .debug_loclists
                0x0000af86      0x52f ./deps/libopencm3/lib/libopencm3_stm32f4.a(rcc.o)
 .debug_loclists
                0x0000b4b5       0xb6 ./deps/libopencm3/lib/libopencm3_stm32f4.a(vector.o)
 .debug_loclists
                0x0000b56b       0x17 ./deps/libopencm3/lib/libopencm3_stm32f4.a(flash_common_all.o)
 .debug_loclists
                0x0000b582       0x27 ./deps/libopencm3/lib/libopencm3_stm32f4.a(pwr.o)

.debug_aranges  0x00000000      0xce0
 .debug_aranges
                0x00000000      0x1f8 build/tasks.o
 .debug_aranges
                0x000001f8      0x120 build/queue.o
 .debug_aranges
                0x00000318       0x40 build/list.o
 .debug_aranges
                0x00000358       0xc8 build/timers.o
 .debug_aranges
                0x00000420       0x50 build/heap_4.o
 .debug_aranges
                0x00000470       0x80 build/port.o
 .debug_aranges
                0x000004f0       0x30 build/main.o
 .debug_aranges
                0x00000520       0x20 build/setup.o
 .debug_aranges
                0x00000540      0x138 build/SEGGER_RTT.o
 .debug_aranges
                0x00000678       0x38 build/SEGGER_RTT_printf.o
 .debug_aranges
                0x000006b0      0x2c0 build/SEGGER_SYSVIEW.o
 .debug_aranges
                0x00000970       0x48 build/SEGGER_SYSVIEW_FreeRTOS.o
 .debug_aranges
                0x000009b8       0x28 build/SEGGER_SYSVIEW_Config_FreeRTOS.o
 .debug_aranges
                0x000009e0       0x20 ./build/SEGGER_RTT_ASM_ARMv7M.S.o
 .debug_aranges
                0x00000a00       0x50 ./deps/libopencm3/lib/libopencm3_stm32f4.a(gpio_common_all.o)
 .debug_aranges
                0x00000a50       0x30 ./deps/libopencm3/lib/libopencm3_stm32f4.a(gpio_common_f0234.o)
 .debug_aranges
                0x00000a80       0x80 ./deps/libopencm3/lib/libopencm3_stm32f4.a(rcc_common_all.o)
 .debug_aranges
                0x00000b00      0x110 ./deps/libopencm3/lib/libopencm3_stm32f4.a(rcc.o)
 .debug_aranges
                0x00000c10       0x30 ./deps/libopencm3/lib/libopencm3_stm32f4.a(vector.o)
 .debug_aranges
                0x00000c40       0x38 ./deps/libopencm3/lib/libopencm3_stm32f4.a(flash_common_all.o)
 .debug_aranges
                0x00000c78       0x48 ./deps/libopencm3/lib/libopencm3_stm32f4.a(flash_common_idcache.o)
 .debug_aranges
                0x00000cc0       0x20 ./deps/libopencm3/lib/libopencm3_stm32f4.a(pwr.o)

.debug_rnglists
                0x00000000     0x1603
 .debug_rnglists
                0x00000000      0x2c2 build/tasks.o
 .debug_rnglists
                0x000002c2      0x186 build/queue.o
 .debug_rnglists
                0x00000448       0x2b build/list.o
 .debug_rnglists
                0x00000473       0xcd build/timers.o
 .debug_rnglists
                0x00000540       0x46 build/heap_4.o
 .debug_rnglists
                0x00000586       0x77 build/port.o
 .debug_rnglists
                0x000005fd       0x1f build/main.o
 .debug_rnglists
                0x0000061c       0x13 build/setup.o
 .debug_rnglists
                0x0000062f      0x255 build/SEGGER_RTT.o
 .debug_rnglists
                0x00000884       0x3b build/SEGGER_RTT_printf.o
 .debug_rnglists
                0x000008bf      0xad0 build/SEGGER_SYSVIEW.o
 .debug_rnglists
                0x0000138f       0x41 build/SEGGER_SYSVIEW_FreeRTOS.o
 .debug_rnglists
                0x000013d0       0x19 build/SEGGER_SYSVIEW_Config_FreeRTOS.o
 .debug_rnglists
                0x000013e9       0x37 ./deps/libopencm3/lib/libopencm3_stm32f4.a(gpio_common_all.o)
 .debug_rnglists
                0x00001420       0x1f ./deps/libopencm3/lib/libopencm3_stm32f4.a(gpio_common_f0234.o)
 .debug_rnglists
                0x0000143f       0x5b ./deps/libopencm3/lib/libopencm3_stm32f4.a(rcc_common_all.o)
 .debug_rnglists
                0x0000149a       0xe0 ./deps/libopencm3/lib/libopencm3_stm32f4.a(rcc.o)
 .debug_rnglists
                0x0000157a       0x20 ./deps/libopencm3/lib/libopencm3_stm32f4.a(vector.o)
 .debug_rnglists
                0x0000159a       0x25 ./deps/libopencm3/lib/libopencm3_stm32f4.a(flash_common_all.o)
 .debug_rnglists
                0x000015bf       0x31 ./deps/libopencm3/lib/libopencm3_stm32f4.a(flash_common_idcache.o)
 .debug_rnglists
                0x000015f0       0x13 ./deps/libopencm3/lib/libopencm3_stm32f4.a(pwr.o)

.debug_macro    0x00000000     0x9f92
 .debug_macro   0x00000000      0x331 build/tasks.o
 .debug_macro   0x00000331      0xacc build/tasks.o
 .debug_macro   0x00000dfd       0x2a build/tasks.o
 .debug_macro   0x00000e27       0x22 build/tasks.o
 .debug_macro   0x00000e49       0x75 build/tasks.o
 .debug_macro   0x00000ebe       0x94 build/tasks.o
 .debug_macro   0x00000f52       0x3c build/tasks.o
 .debug_macro   0x00000f8e       0x34 build/tasks.o
 .debug_macro   0x00000fc2       0x16 build/tasks.o
 .debug_macro   0x00000fd8      0x11c build/tasks.o
 .debug_macro   0x000010f4       0x9b build/tasks.o
 .debug_macro   0x0000118f       0x57 build/tasks.o
 .debug_macro   0x000011e6      0x370 build/tasks.o
 .debug_macro   0x00001556       0x16 build/tasks.o
 .debug_macro   0x0000156c       0x4a build/tasks.o
 .debug_macro   0x000015b6       0x34 build/tasks.o
 .debug_macro   0x000015ea       0x10 build/tasks.o
 .debug_macro   0x000015fa       0x58 build/tasks.o
 .debug_macro   0x00001652      0x1de build/tasks.o
 .debug_macro   0x00001830       0x16 build/tasks.o
 .debug_macro   0x00001846       0x29 build/tasks.o
 .debug_macro   0x0000186f       0x16 build/tasks.o
 .debug_macro   0x00001885       0x3c build/tasks.o
 .debug_macro   0x000018c1      0x103 build/tasks.o
 .debug_macro   0x000019c4       0x6a build/tasks.o
 .debug_macro   0x00001a2e      0x1df build/tasks.o
 .debug_macro   0x00001c0d       0x16 build/tasks.o
 .debug_macro   0x00001c23      0x12d build/tasks.o
 .debug_macro   0x00001d50       0x58 build/tasks.o
 .debug_macro   0x00001da8       0x46 build/tasks.o
 .debug_macro   0x00001dee       0x64 build/tasks.o
 .debug_macro   0x00001e52       0x49 build/tasks.o
 .debug_macro   0x00001e9b       0xd1 build/tasks.o
 .debug_macro   0x00001f6c      0x220 build/tasks.o
 .debug_macro   0x0000218c      0xf65 build/tasks.o
 .debug_macro   0x000030f1       0x1c build/tasks.o
 .debug_macro   0x0000310d      0x182 build/tasks.o
 .debug_macro   0x0000328f       0xee build/tasks.o
 .debug_macro   0x0000337d       0x28 build/tasks.o
 .debug_macro   0x000033a5       0x1f build/tasks.o
 .debug_macro   0x000033c4       0x12 build/tasks.o
 .debug_macro   0x000033d6      0xb5b build/tasks.o
 .debug_macro   0x00003f31       0xc3 build/tasks.o
 .debug_macro   0x00003ff4      0x14f build/tasks.o
 .debug_macro   0x00004143       0x98 build/tasks.o
 .debug_macro   0x000041db       0x17 build/tasks.o
 .debug_macro   0x000041f2       0x1c build/tasks.o
 .debug_macro   0x0000420e       0x1c build/tasks.o
 .debug_macro   0x0000422a       0x16 build/tasks.o
 .debug_macro   0x00004240      0x170 build/tasks.o
 .debug_macro   0x000043b0      0x287 build/queue.o
 .debug_macro   0x00004637       0x80 build/queue.o
 .debug_macro   0x000046b7      0x1f5 build/list.o
 .debug_macro   0x000048ac      0x244 build/timers.o
 .debug_macro   0x00004af0       0x9e build/timers.o
 .debug_macro   0x00004b8e      0x285 build/heap_4.o
 .debug_macro   0x00004e13      0x231 build/port.o
 .debug_macro   0x00005044      0x190 build/port.o
 .debug_macro   0x000051d4       0x8e build/port.o
 .debug_macro   0x00005262       0x51 build/port.o
 .debug_macro   0x000052b3      0x2b5 build/main.o
 .debug_macro   0x00005568      0xad8 build/main.o
 .debug_macro   0x00006040       0x1c build/main.o
 .debug_macro   0x0000605c       0x22 build/main.o
 .debug_macro   0x0000607e       0xe8 build/main.o
 .debug_macro   0x00006166       0x76 build/main.o
 .debug_macro   0x000061dc      0x280 build/main.o
 .debug_macro   0x0000645c       0x76 build/main.o
 .debug_macro   0x000064d2      0x37e build/main.o
 .debug_macro   0x00006850       0xca build/main.o
 .debug_macro   0x0000691a       0x8e build/main.o
 .debug_macro   0x000069a8       0x46 build/main.o
 .debug_macro   0x000069ee      0xcea build/main.o
 .debug_macro   0x000076d8       0x3b build/main.o
 .debug_macro   0x00007713       0x7b build/main.o
 .debug_macro   0x0000778e      0x138 build/main.o
 .debug_macro   0x000078c6      0x12c build/setup.o
 .debug_macro   0x000079f2       0x6e build/setup.o
 .debug_macro   0x00007a60      0x22c build/setup.o
 .debug_macro   0x00007c8c      0x1d5 build/SEGGER_RTT.o
 .debug_macro   0x00007e61       0x35 build/SEGGER_RTT.o
 .debug_macro   0x00007e96      0x160 build/SEGGER_RTT_printf.o
 .debug_macro   0x00007ff6      0x23e build/SEGGER_SYSVIEW.o
 .debug_macro   0x00008234       0x10 build/SEGGER_SYSVIEW.o
 .debug_macro   0x00008244      0x220 build/SEGGER_SYSVIEW.o
 .debug_macro   0x00008464      0x1ff build/SEGGER_SYSVIEW_FreeRTOS.o
 .debug_macro   0x00008663      0x147 build/SEGGER_SYSVIEW_Config_FreeRTOS.o
 .debug_macro   0x000087aa       0xd1 ./deps/libopencm3/lib/libopencm3_stm32f4.a(gpio_common_all.o)
 .debug_macro   0x0000887b      0xacc ./deps/libopencm3/lib/libopencm3_stm32f4.a(gpio_common_all.o)
 .debug_macro   0x00009347       0x56 ./deps/libopencm3/lib/libopencm3_stm32f4.a(gpio_common_all.o)
 .debug_macro   0x0000939d       0xd1 ./deps/libopencm3/lib/libopencm3_stm32f4.a(gpio_common_f0234.o)
 .debug_macro   0x0000946e       0xf0 ./deps/libopencm3/lib/libopencm3_stm32f4.a(rcc_common_all.o)
 .debug_macro   0x0000955e      0x124 ./deps/libopencm3/lib/libopencm3_stm32f4.a(rcc.o)
 .debug_macro   0x00009682       0x16 ./deps/libopencm3/lib/libopencm3_stm32f4.a(rcc.o)
 .debug_macro   0x00009698       0x1c ./deps/libopencm3/lib/libopencm3_stm32f4.a(rcc.o)
 .debug_macro   0x000096b4      0x143 ./deps/libopencm3/lib/libopencm3_stm32f4.a(rcc.o)
 .debug_macro   0x000097f7       0x10 ./deps/libopencm3/lib/libopencm3_stm32f4.a(rcc.o)
 .debug_macro   0x00009807       0xd3 ./deps/libopencm3/lib/libopencm3_stm32f4.a(vector.o)
 .debug_macro   0x000098da      0x452 ./deps/libopencm3/lib/libopencm3_stm32f4.a(vector.o)
 .debug_macro   0x00009d2c       0xd7 ./deps/libopencm3/lib/libopencm3_stm32f4.a(flash_common_all.o)
 .debug_macro   0x00009e03       0xd7 ./deps/libopencm3/lib/libopencm3_stm32f4.a(flash_common_idcache.o)
 .debug_macro   0x00009eda       0xb8 ./deps/libopencm3/lib/libopencm3_stm32f4.a(pwr.o)

.debug_line     0x00000000    0x11ae1
 .debug_line    0x00000000     0x34a5 build/tasks.o
 .debug_line    0x000034a5     0x1dd9 build/queue.o
 .debug_line    0x0000527e      0x5e6 build/list.o
 .debug_line    0x00005864      0xed7 build/timers.o
 .debug_line    0x0000673b      0xa89 build/heap_4.o
 .debug_line    0x000071c4      0x8a6 build/port.o
 .debug_line    0x00007a6a      0x61c build/main.o
 .debug_line    0x00008086      0x357 build/setup.o
 .debug_line    0x000083dd     0x139d build/SEGGER_RTT.o
 .debug_line    0x0000977a      0x79f build/SEGGER_RTT_printf.o
 .debug_line    0x00009f19     0x4ce5 build/SEGGER_SYSVIEW.o
 .debug_line    0x0000ebfe      0x6ed build/SEGGER_SYSVIEW_FreeRTOS.o
 .debug_line    0x0000f2eb      0x3e6 build/SEGGER_SYSVIEW_Config_FreeRTOS.o
 .debug_line    0x0000f6d1       0x86 ./build/SEGGER_RTT_ASM_ARMv7M.S.o
 .debug_line    0x0000f757      0x394 ./deps/libopencm3/lib/libopencm3_stm32f4.a(gpio_common_all.o)
 .debug_line    0x0000faeb      0x46f ./deps/libopencm3/lib/libopencm3_stm32f4.a(gpio_common_f0234.o)
 .debug_line    0x0000ff5a      0x432 ./deps/libopencm3/lib/libopencm3_stm32f4.a(rcc_common_all.o)
 .debug_line    0x0001038c      0xa9b ./deps/libopencm3/lib/libopencm3_stm32f4.a(rcc.o)
 .debug_line    0x00010e27      0x3c8 ./deps/libopencm3/lib/libopencm3_stm32f4.a(vector.o)
 .debug_line    0x000111ef      0x334 ./deps/libopencm3/lib/libopencm3_stm32f4.a(flash_common_all.o)
 .debug_line    0x00011523      0x34d ./deps/libopencm3/lib/libopencm3_stm32f4.a(flash_common_idcache.o)
 .debug_line    0x00011870      0x271 ./deps/libopencm3/lib/libopencm3_stm32f4.a(pwr.o)

.debug_str      0x00000000    0x32491
 .debug_str     0x00000000    0x32491 build/tasks.o
                              0x22e6f (size before relaxing)
 .debug_str     0x00032491    0x21714 build/queue.o
 .debug_str     0x00032491    0x1edeb build/list.o
 .debug_str     0x00032491    0x219fd build/timers.o
 .debug_str     0x00032491    0x208b8 build/heap_4.o
 .debug_str     0x00032491    0x1df1a build/port.o
 .debug_str     0x00032491    0x272a8 build/main.o
 .debug_str     0x00032491     0xb493 build/setup.o
 .debug_str     0x00032491     0x81ee build/SEGGER_RTT.o
 .debug_str     0x00032491     0x7b7d build/SEGGER_RTT_printf.o
 .debug_str     0x00032491     0xa430 build/SEGGER_SYSVIEW.o
 .debug_str     0x00032491    0x2022b build/SEGGER_SYSVIEW_FreeRTOS.o
 .debug_str     0x00032491    0x1b6b6 build/SEGGER_SYSVIEW_Config_FreeRTOS.o
 .debug_str     0x00032491       0x8f ./build/SEGGER_RTT_ASM_ARMv7M.S.o
 .debug_str     0x00032491     0x6740 ./deps/libopencm3/lib/libopencm3_stm32f4.a(gpio_common_all.o)
 .debug_str     0x00032491     0x6762 ./deps/libopencm3/lib/libopencm3_stm32f4.a(gpio_common_f0234.o)
 .debug_str     0x00032491     0x9aff ./deps/libopencm3/lib/libopencm3_stm32f4.a(rcc_common_all.o)
 .debug_str     0x00032491     0xa374 ./deps/libopencm3/lib/libopencm3_stm32f4.a(rcc.o)
 .debug_str     0x00032491     0x6ff5 ./deps/libopencm3/lib/libopencm3_stm32f4.a(vector.o)
 .debug_str     0x00032491     0x5a97 ./deps/libopencm3/lib/libopencm3_stm32f4.a(flash_common_all.o)
 .debug_str     0x00032491     0x5ab9 ./deps/libopencm3/lib/libopencm3_stm32f4.a(flash_common_idcache.o)
 .debug_str     0x00032491     0x5713 ./deps/libopencm3/lib/libopencm3_stm32f4.a(pwr.o)

.comment        0x00000000       0x44
 .comment       0x00000000       0x44 build/tasks.o
                                 0x45 (size before relaxing)
 .comment       0x00000044       0x45 build/queue.o
 .comment       0x00000044       0x45 build/list.o
 .comment       0x00000044       0x45 build/timers.o
 .comment       0x00000044       0x45 build/heap_4.o
 .comment       0x00000044       0x45 build/port.o
 .comment       0x00000044       0x45 build/main.o
 .comment       0x00000044       0x45 build/setup.o
 .comment       0x00000044       0x45 build/SEGGER_RTT.o
 .comment       0x00000044       0x45 build/SEGGER_RTT_printf.o
 .comment       0x00000044       0x45 build/SEGGER_SYSVIEW.o
 .comment       0x00000044       0x45 build/SEGGER_SYSVIEW_FreeRTOS.o
 .comment       0x00000044       0x45 build/SEGGER_SYSVIEW_Config_FreeRTOS.o
 .comment       0x00000044       0x45 ./deps/libopencm3/lib/libopencm3_stm32f4.a(gpio_common_all.o)
 .comment       0x00000044       0x45 ./deps/libopencm3/lib/libopencm3_stm32f4.a(gpio_common_f0234.o)
 .comment       0x00000044       0x45 ./deps/libopencm3/lib/libopencm3_stm32f4.a(rcc_common_all.o)
 .comment       0x00000044       0x45 ./deps/libopencm3/lib/libopencm3_stm32f4.a(rcc.o)
 .comment       0x00000044       0x45 ./deps/libopencm3/lib/libopencm3_stm32f4.a(vector.o)
 .comment       0x00000044       0x45 ./deps/libopencm3/lib/libopencm3_stm32f4.a(flash_common_all.o)
 .comment       0x00000044       0x45 ./deps/libopencm3/lib/libopencm3_stm32f4.a(flash_common_idcache.o)
 .comment       0x00000044       0x45 ./deps/libopencm3/lib/libopencm3_stm32f4.a(pwr.o)

.ARM.attributes
                0x00000000       0x32
 .ARM.attributes
                0x00000000       0x34 build/tasks.o
 .ARM.attributes
                0x00000034       0x34 build/queue.o
 .ARM.attributes
                0x00000068       0x34 build/list.o
 .ARM.attributes
                0x0000009c       0x34 build/timers.o
 .ARM.attributes
                0x000000d0       0x34 build/heap_4.o
 .ARM.attributes
                0x00000104       0x34 build/port.o
 .ARM.attributes
                0x00000138       0x34 build/main.o
 .ARM.attributes
                0x0000016c       0x34 build/setup.o
 .ARM.attributes
                0x000001a0       0x34 build/SEGGER_RTT.o
 .ARM.attributes
                0x000001d4       0x34 build/SEGGER_RTT_printf.o
 .ARM.attributes
                0x00000208       0x34 build/SEGGER_SYSVIEW.o
 .ARM.attributes
                0x0000023c       0x34 build/SEGGER_SYSVIEW_FreeRTOS.o
 .ARM.attributes
                0x00000270       0x34 build/SEGGER_SYSVIEW_Config_FreeRTOS.o
 .ARM.attributes
                0x000002a4       0x20 ./build/SEGGER_RTT_ASM_ARMv7M.S.o
 .ARM.attributes
                0x000002c4       0x34 ./deps/libopencm3/lib/libopencm3_stm32f4.a(gpio_common_all.o)
 .ARM.attributes
                0x000002f8       0x34 ./deps/libopencm3/lib/libopencm3_stm32f4.a(gpio_common_f0234.o)
 .ARM.attributes
                0x0000032c       0x34 ./deps/libopencm3/lib/libopencm3_stm32f4.a(rcc_common_all.o)
 .ARM.attributes
                0x00000360       0x34 ./deps/libopencm3/lib/libopencm3_stm32f4.a(rcc.o)
 .ARM.attributes
                0x00000394       0x34 ./deps/libopencm3/lib/libopencm3_stm32f4.a(vector.o)
 .ARM.attributes
                0x000003c8       0x34 ./deps/libopencm3/lib/libopencm3_stm32f4.a(flash_common_all.o)
 .ARM.attributes
                0x000003fc       0x34 ./deps/libopencm3/lib/libopencm3_stm32f4.a(flash_common_idcache.o)
 .ARM.attributes
                0x00000430       0x34 ./deps/libopencm3/lib/libopencm3_stm32f4.a(pwr.o)
 .ARM.attributes
                0x00000464       0x34 /opt/gcc_arm_13_2/bin/../lib/gcc/arm-none-eabi/13.2.1/../../../../arm-none-eabi/lib/thumb/v7e-m+fp/hard/libc_nano.a(libc_a-memcmp.o)
 .ARM.attributes
                0x00000498       0x34 /opt/gcc_arm_13_2/bin/../lib/gcc/arm-none-eabi/13.2.1/../../../../arm-none-eabi/lib/thumb/v7e-m+fp/hard/libc_nano.a(libc_a-memset.o)
 .ARM.attributes
                0x000004cc       0x34 /opt/gcc_arm_13_2/bin/../lib/gcc/arm-none-eabi/13.2.1/../../../../arm-none-eabi/lib/thumb/v7e-m+fp/hard/libc_nano.a(libc_a-memcpy-stub.o)

.debug_frame    0x00000000     0x2590
 .debug_frame   0x00000000      0x734 build/tasks.o
 .debug_frame   0x00000734      0x3cc build/queue.o
 .debug_frame   0x00000b00       0x78 build/list.o
 .debug_frame   0x00000b78      0x280 build/timers.o
 .debug_frame   0x00000df8       0xd4 build/heap_4.o
 .debug_frame   0x00000ecc      0x100 build/port.o
 .debug_frame   0x00000fcc       0x58 build/main.o
 .debug_frame   0x00001024       0x2c build/setup.o
 .debug_frame   0x00001050      0x420 build/SEGGER_RTT.o
 .debug_frame   0x00001470       0xac build/SEGGER_RTT_printf.o
 .debug_frame   0x0000151c      0x998 build/SEGGER_SYSVIEW.o
 .debug_frame   0x00001eb4       0xf4 build/SEGGER_SYSVIEW_FreeRTOS.o
 .debug_frame   0x00001fa8       0x48 build/SEGGER_SYSVIEW_Config_FreeRTOS.o
 .debug_frame   0x00001ff0       0x80 ./deps/libopencm3/lib/libopencm3_stm32f4.a(gpio_common_all.o)
 .debug_frame   0x00002070       0x70 ./deps/libopencm3/lib/libopencm3_stm32f4.a(gpio_common_f0234.o)
 .debug_frame   0x000020e0       0xe0 ./deps/libopencm3/lib/libopencm3_stm32f4.a(rcc_common_all.o)
 .debug_frame   0x000021c0      0x234 ./deps/libopencm3/lib/libopencm3_stm32f4.a(rcc.o)
 .debug_frame   0x000023f4       0x4c ./deps/libopencm3/lib/libopencm3_stm32f4.a(vector.o)
 .debug_frame   0x00002440       0x50 ./deps/libopencm3/lib/libopencm3_stm32f4.a(flash_common_all.o)
 .debug_frame   0x00002490       0x70 ./deps/libopencm3/lib/libopencm3_stm32f4.a(flash_common_idcache.o)
 .debug_frame   0x00002500       0x20 ./deps/libopencm3/lib/libopencm3_stm32f4.a(pwr.o)
 .debug_frame   0x00002520       0x28 /opt/gcc_arm_13_2/bin/../lib/gcc/arm-none-eabi/13.2.1/../../../../arm-none-eabi/lib/thumb/v7e-m+fp/hard/libc_nano.a(libc_a-memcmp.o)
 .debug_frame   0x00002548       0x20 /opt/gcc_arm_13_2/bin/../lib/gcc/arm-none-eabi/13.2.1/../../../../arm-none-eabi/lib/thumb/v7e-m+fp/hard/libc_nano.a(libc_a-memset.o)
 .debug_frame   0x00002568       0x28 /opt/gcc_arm_13_2/bin/../lib/gcc/arm-none-eabi/13.2.1/../../../../arm-none-eabi/lib/thumb/v7e-m+fp/hard/libc_nano.a(libc_a-memcpy-stub.o)

.debug_line_str
                0x00000000       0x81
 .debug_line_str
                0x00000000       0x81 ./build/SEGGER_RTT_ASM_ARMv7M.S.o

Cross Reference Table

Symbol                                            File
SEGGER_RTT_ASM_WriteSkipNoLock                    ./build/SEGGER_RTT_ASM_ARMv7M.S.o
                                                  build/SEGGER_SYSVIEW.o
SEGGER_RTT_AllocDownBuffer                        build/SEGGER_RTT.o
SEGGER_RTT_AllocUpBuffer                          build/SEGGER_RTT.o
                                                  build/SEGGER_SYSVIEW.o
SEGGER_RTT_ConfigDownBuffer                       build/SEGGER_RTT.o
                                                  build/SEGGER_SYSVIEW.o
SEGGER_RTT_ConfigUpBuffer                         build/SEGGER_RTT.o
SEGGER_RTT_GetAvailWriteSpace                     build/SEGGER_RTT.o
SEGGER_RTT_GetBytesInBuffer                       build/SEGGER_RTT.o
SEGGER_RTT_GetKey                                 build/SEGGER_RTT.o
SEGGER_RTT_HasData                                build/SEGGER_RTT.o
SEGGER_RTT_HasDataUp                              build/SEGGER_RTT.o
SEGGER_RTT_HasKey                                 build/SEGGER_RTT.o
SEGGER_RTT_Init                                   build/SEGGER_RTT.o
SEGGER_RTT_PutChar                                build/SEGGER_RTT.o
SEGGER_RTT_PutCharSkip                            build/SEGGER_RTT.o
SEGGER_RTT_PutCharSkipNoLock                      build/SEGGER_RTT.o
SEGGER_RTT_Read                                   build/SEGGER_RTT.o
SEGGER_RTT_ReadNoLock                             build/SEGGER_RTT.o
                                                  build/SEGGER_SYSVIEW.o
SEGGER_RTT_ReadUpBuffer                           build/SEGGER_RTT.o
SEGGER_RTT_ReadUpBufferNoLock                     build/SEGGER_RTT.o
SEGGER_RTT_SetFlagsDownBuffer                     build/SEGGER_RTT.o
SEGGER_RTT_SetFlagsUpBuffer                       build/SEGGER_RTT.o
SEGGER_RTT_SetNameDownBuffer                      build/SEGGER_RTT.o
SEGGER_RTT_SetNameUpBuffer                        build/SEGGER_RTT.o
SEGGER_RTT_SetTerminal                            build/SEGGER_RTT.o
SEGGER_RTT_TerminalOut                            build/SEGGER_RTT.o
SEGGER_RTT_WaitKey                                build/SEGGER_RTT.o
SEGGER_RTT_Write                                  build/SEGGER_RTT.o
                                                  build/SEGGER_RTT_printf.o
SEGGER_RTT_WriteDownBuffer                        build/SEGGER_RTT.o
SEGGER_RTT_WriteDownBufferNoLock                  build/SEGGER_RTT.o
SEGGER_RTT_WriteNoLock                            build/SEGGER_RTT.o
SEGGER_RTT_WriteString                            build/SEGGER_RTT.o
SEGGER_RTT_WriteWithOverwriteNoLock               build/SEGGER_RTT.o
SEGGER_RTT_printf                                 build/SEGGER_RTT_printf.o
                                                  build/main.o
SEGGER_RTT_vprintf                                build/SEGGER_RTT_printf.o
SEGGER_SYSVIEW_Conf                               build/SEGGER_SYSVIEW_Config_FreeRTOS.o
                                                  build/main.o
SEGGER_SYSVIEW_DisableEvents                      build/SEGGER_SYSVIEW.o
SEGGER_SYSVIEW_EnableEvents                       build/SEGGER_SYSVIEW.o
SEGGER_SYSVIEW_EncodeData                         build/SEGGER_SYSVIEW.o
SEGGER_SYSVIEW_EncodeId                           build/SEGGER_SYSVIEW.o
SEGGER_SYSVIEW_EncodeString                       build/SEGGER_SYSVIEW.o
SEGGER_SYSVIEW_EncodeU32                          build/SEGGER_SYSVIEW.o
SEGGER_SYSVIEW_Error                              build/SEGGER_SYSVIEW.o
SEGGER_SYSVIEW_ErrorfHost                         build/SEGGER_SYSVIEW.o
SEGGER_SYSVIEW_ErrorfTarget                       build/SEGGER_SYSVIEW.o
SEGGER_SYSVIEW_GetChannelID                       build/SEGGER_SYSVIEW.o
SEGGER_SYSVIEW_GetSysDesc                         build/SEGGER_SYSVIEW.o
SEGGER_SYSVIEW_HeapAlloc                          build/SEGGER_SYSVIEW.o
SEGGER_SYSVIEW_HeapAllocEx                        build/SEGGER_SYSVIEW.o
SEGGER_SYSVIEW_HeapDefine                         build/SEGGER_SYSVIEW.o
SEGGER_SYSVIEW_HeapFree                           build/SEGGER_SYSVIEW.o
SEGGER_SYSVIEW_Init                               build/SEGGER_SYSVIEW.o
                                                  build/SEGGER_SYSVIEW_Config_FreeRTOS.o
SEGGER_SYSVIEW_InterruptId                        build/SEGGER_SYSVIEW.o
SEGGER_SYSVIEW_IsStarted                          build/SEGGER_SYSVIEW.o
SEGGER_SYSVIEW_Mark                               build/SEGGER_SYSVIEW.o
SEGGER_SYSVIEW_MarkStart                          build/SEGGER_SYSVIEW.o
SEGGER_SYSVIEW_MarkStop                           build/SEGGER_SYSVIEW.o
SEGGER_SYSVIEW_NameMarker                         build/SEGGER_SYSVIEW.o
SEGGER_SYSVIEW_NameResource                       build/SEGGER_SYSVIEW.o
SEGGER_SYSVIEW_OnIdle                             build/SEGGER_SYSVIEW.o
                                                  build/tasks.o
SEGGER_SYSVIEW_OnTaskCreate                       build/SEGGER_SYSVIEW.o
                                                  build/tasks.o
SEGGER_SYSVIEW_OnTaskStartExec                    build/SEGGER_SYSVIEW.o
                                                  build/tasks.o
SEGGER_SYSVIEW_OnTaskStartReady                   build/SEGGER_SYSVIEW.o
                                                  build/tasks.o
SEGGER_SYSVIEW_OnTaskStopExec                     build/SEGGER_SYSVIEW.o
SEGGER_SYSVIEW_OnTaskStopReady                    build/SEGGER_SYSVIEW.o
                                                  build/tasks.o
SEGGER_SYSVIEW_OnTaskTerminate                    build/SEGGER_SYSVIEW.o
SEGGER_SYSVIEW_Print                              build/SEGGER_SYSVIEW.o
SEGGER_SYSVIEW_PrintfHost                         build/SEGGER_SYSVIEW.o
SEGGER_SYSVIEW_PrintfHostEx                       build/SEGGER_SYSVIEW.o
SEGGER_SYSVIEW_PrintfTarget                       build/SEGGER_SYSVIEW.o
SEGGER_SYSVIEW_PrintfTargetEx                     build/SEGGER_SYSVIEW.o
SEGGER_SYSVIEW_RecordEndCall                      build/SEGGER_SYSVIEW.o
                                                  build/event_groups.o
                                                  build/timers.o
                                                  build/list.o
                                                  build/queue.o
                                                  build/tasks.o
SEGGER_SYSVIEW_RecordEndCallU32                   build/SEGGER_SYSVIEW.o
                                                  build/event_groups.o
                                                  build/timers.o
                                                  build/list.o
                                                  build/queue.o
                                                  build/tasks.o
SEGGER_SYSVIEW_RecordEnterISR                     build/SEGGER_SYSVIEW.o
                                                  build/port.o
SEGGER_SYSVIEW_RecordEnterTimer                   build/SEGGER_SYSVIEW.o
SEGGER_SYSVIEW_RecordExitISR                      build/SEGGER_SYSVIEW.o
                                                  build/port.o
SEGGER_SYSVIEW_RecordExitISRToScheduler           build/SEGGER_SYSVIEW.o
                                                  build/port.o
SEGGER_SYSVIEW_RecordExitTimer                    build/SEGGER_SYSVIEW.o
SEGGER_SYSVIEW_RecordModuleDescription            build/SEGGER_SYSVIEW.o
SEGGER_SYSVIEW_RecordString                       build/SEGGER_SYSVIEW.o
SEGGER_SYSVIEW_RecordSystime                      build/SEGGER_SYSVIEW.o
SEGGER_SYSVIEW_RecordU32                          build/SEGGER_SYSVIEW.o
                                                  build/tasks.o
SEGGER_SYSVIEW_RecordU32x10                       build/SEGGER_SYSVIEW.o
SEGGER_SYSVIEW_RecordU32x2                        build/SEGGER_SYSVIEW.o
                                                  build/tasks.o
SEGGER_SYSVIEW_RecordU32x3                        build/SEGGER_SYSVIEW.o
SEGGER_SYSVIEW_RecordU32x4                        build/SEGGER_SYSVIEW.o
SEGGER_SYSVIEW_RecordU32x5                        build/SEGGER_SYSVIEW.o
SEGGER_SYSVIEW_RecordU32x6                        build/SEGGER_SYSVIEW.o
SEGGER_SYSVIEW_RecordU32x7                        build/SEGGER_SYSVIEW.o
SEGGER_SYSVIEW_RecordU32x8                        build/SEGGER_SYSVIEW.o
SEGGER_SYSVIEW_RecordU32x9                        build/SEGGER_SYSVIEW.o
SEGGER_SYSVIEW_RecordVoid                         build/SEGGER_SYSVIEW.o
SEGGER_SYSVIEW_RegisterModule                     build/SEGGER_SYSVIEW.o
SEGGER_SYSVIEW_SendModule                         build/SEGGER_SYSVIEW.o
SEGGER_SYSVIEW_SendModuleDescription              build/SEGGER_SYSVIEW.o
SEGGER_SYSVIEW_SendNumModules                     build/SEGGER_SYSVIEW.o
SEGGER_SYSVIEW_SendPacket                         build/SEGGER_SYSVIEW.o
SEGGER_SYSVIEW_SendSysDesc                        build/SEGGER_SYSVIEW.o
                                                  build/SEGGER_SYSVIEW_Config_FreeRTOS.o
SEGGER_SYSVIEW_SendTaskInfo                       build/SEGGER_SYSVIEW.o
                                                  build/SEGGER_SYSVIEW_FreeRTOS.o
SEGGER_SYSVIEW_SendTaskList                       build/SEGGER_SYSVIEW.o
SEGGER_SYSVIEW_SetRAMBase                         build/SEGGER_SYSVIEW.o
                                                  build/SEGGER_SYSVIEW_Config_FreeRTOS.o
SEGGER_SYSVIEW_ShrinkId                           build/SEGGER_SYSVIEW.o
                                                  build/event_groups.o
                                                  build/timers.o
                                                  build/queue.o
                                                  build/tasks.o
SEGGER_SYSVIEW_Start                              build/SEGGER_SYSVIEW.o
SEGGER_SYSVIEW_Stop                               build/SEGGER_SYSVIEW.o
SEGGER_SYSVIEW_TickCnt                            build/SEGGER_SYSVIEW.o
SEGGER_SYSVIEW_VErrorfHost                        build/SEGGER_SYSVIEW.o
SEGGER_SYSVIEW_VErrorfTarget                      build/SEGGER_SYSVIEW.o
SEGGER_SYSVIEW_VPrintfHost                        build/SEGGER_SYSVIEW.o
SEGGER_SYSVIEW_VPrintfHostEx                      build/SEGGER_SYSVIEW.o
SEGGER_SYSVIEW_VPrintfTarget                      build/SEGGER_SYSVIEW.o
SEGGER_SYSVIEW_VPrintfTargetEx                    build/SEGGER_SYSVIEW.o
SEGGER_SYSVIEW_VWarnfHost                         build/SEGGER_SYSVIEW.o
SEGGER_SYSVIEW_VWarnfTarget                       build/SEGGER_SYSVIEW.o
SEGGER_SYSVIEW_Warn                               build/SEGGER_SYSVIEW.o
                                                  build/SEGGER_SYSVIEW_FreeRTOS.o
SEGGER_SYSVIEW_WarnfHost                          build/SEGGER_SYSVIEW.o
SEGGER_SYSVIEW_WarnfTarget                        build/SEGGER_SYSVIEW.o
SYSVIEW_AddTask                                   build/SEGGER_SYSVIEW_FreeRTOS.o
                                                  build/tasks.o
SYSVIEW_DeleteTask                                build/SEGGER_SYSVIEW_FreeRTOS.o
                                                  build/tasks.o
SYSVIEW_SendTaskInfo                              build/SEGGER_SYSVIEW_FreeRTOS.o
SYSVIEW_UpdateTask                                build/SEGGER_SYSVIEW_FreeRTOS.o
                                                  build/tasks.o
SYSVIEW_X_OS_TraceAPI                             build/SEGGER_SYSVIEW_FreeRTOS.o
                                                  build/SEGGER_SYSVIEW_Config_FreeRTOS.o
_SEGGER_RTT                                       build/SEGGER_RTT.o
                                                  ./build/SEGGER_RTT_ASM_ARMv7M.S.o
                                                  build/SEGGER_SYSVIEW.o
__fini_array_end                                  ./deps/libopencm3/lib/libopencm3_stm32f4.a(vector.o)
__fini_array_start                                ./deps/libopencm3/lib/libopencm3_stm32f4.a(vector.o)
__init_array_end                                  ./deps/libopencm3/lib/libopencm3_stm32f4.a(vector.o)
__init_array_start                                ./deps/libopencm3/lib/libopencm3_stm32f4.a(vector.o)
__lock___arc4random_mutex                         /opt/gcc_arm_13_2/bin/../lib/gcc/arm-none-eabi/13.2.1/../../../../arm-none-eabi/lib/thumb/v7e-m+fp/hard/libc_nano.a(libc_a-lock.o)
__lock___at_quick_exit_mutex                      /opt/gcc_arm_13_2/bin/../lib/gcc/arm-none-eabi/13.2.1/../../../../arm-none-eabi/lib/thumb/v7e-m+fp/hard/libc_nano.a(libc_a-lock.o)
__lock___atexit_recursive_mutex                   /opt/gcc_arm_13_2/bin/../lib/gcc/arm-none-eabi/13.2.1/../../../../arm-none-eabi/lib/thumb/v7e-m+fp/hard/libc_nano.a(libc_a-lock.o)
__lock___dd_hash_mutex                            /opt/gcc_arm_13_2/bin/../lib/gcc/arm-none-eabi/13.2.1/../../../../arm-none-eabi/lib/thumb/v7e-m+fp/hard/libc_nano.a(libc_a-lock.o)
__lock___env_recursive_mutex                      /opt/gcc_arm_13_2/bin/../lib/gcc/arm-none-eabi/13.2.1/../../../../arm-none-eabi/lib/thumb/v7e-m+fp/hard/libc_nano.a(libc_a-lock.o)
__lock___malloc_recursive_mutex                   /opt/gcc_arm_13_2/bin/../lib/gcc/arm-none-eabi/13.2.1/../../../../arm-none-eabi/lib/thumb/v7e-m+fp/hard/libc_nano.a(libc_a-lock.o)
                                                  /opt/gcc_arm_13_2/bin/../lib/gcc/arm-none-eabi/13.2.1/../../../../arm-none-eabi/lib/thumb/v7e-m+fp/hard/libc_nano.a(libc_a-mlock.o)
__lock___sfp_recursive_mutex                      /opt/gcc_arm_13_2/bin/../lib/gcc/arm-none-eabi/13.2.1/../../../../arm-none-eabi/lib/thumb/v7e-m+fp/hard/libc_nano.a(libc_a-lock.o)
__lock___tz_mutex                                 /opt/gcc_arm_13_2/bin/../lib/gcc/arm-none-eabi/13.2.1/../../../../arm-none-eabi/lib/thumb/v7e-m+fp/hard/libc_nano.a(libc_a-lock.o)
__malloc_free_list                                /opt/gcc_arm_13_2/bin/../lib/gcc/arm-none-eabi/13.2.1/../../../../arm-none-eabi/lib/thumb/v7e-m+fp/hard/libc_nano.a(libc_a-mallocr.o)
                                                  /opt/gcc_arm_13_2/bin/../lib/gcc/arm-none-eabi/13.2.1/../../../../arm-none-eabi/lib/thumb/v7e-m+fp/hard/libc_nano.a(libc_a-freer.o)
__malloc_lock                                     /opt/gcc_arm_13_2/bin/../lib/gcc/arm-none-eabi/13.2.1/../../../../arm-none-eabi/lib/thumb/v7e-m+fp/hard/libc_nano.a(libc_a-mlock.o)
                                                  /opt/gcc_arm_13_2/bin/../lib/gcc/arm-none-eabi/13.2.1/../../../../arm-none-eabi/lib/thumb/v7e-m+fp/hard/libc_nano.a(libc_a-freer.o)
                                                  /opt/gcc_arm_13_2/bin/../lib/gcc/arm-none-eabi/13.2.1/../../../../arm-none-eabi/lib/thumb/v7e-m+fp/hard/libc_nano.a(libc_a-mallocr.o)
__malloc_sbrk_start                               /opt/gcc_arm_13_2/bin/../lib/gcc/arm-none-eabi/13.2.1/../../../../arm-none-eabi/lib/thumb/v7e-m+fp/hard/libc_nano.a(libc_a-mallocr.o)
__malloc_unlock                                   /opt/gcc_arm_13_2/bin/../lib/gcc/arm-none-eabi/13.2.1/../../../../arm-none-eabi/lib/thumb/v7e-m+fp/hard/libc_nano.a(libc_a-mlock.o)
                                                  /opt/gcc_arm_13_2/bin/../lib/gcc/arm-none-eabi/13.2.1/../../../../arm-none-eabi/lib/thumb/v7e-m+fp/hard/libc_nano.a(libc_a-freer.o)
                                                  /opt/gcc_arm_13_2/bin/../lib/gcc/arm-none-eabi/13.2.1/../../../../arm-none-eabi/lib/thumb/v7e-m+fp/hard/libc_nano.a(libc_a-mallocr.o)
__preinit_array_end                               ./deps/libopencm3/lib/libopencm3_stm32f4.a(vector.o)
__preinit_array_start                             ./deps/libopencm3/lib/libopencm3_stm32f4.a(vector.o)
__retarget_lock_acquire                           /opt/gcc_arm_13_2/bin/../lib/gcc/arm-none-eabi/13.2.1/../../../../arm-none-eabi/lib/thumb/v7e-m+fp/hard/libc_nano.a(libc_a-lock.o)
__retarget_lock_acquire_recursive                 /opt/gcc_arm_13_2/bin/../lib/gcc/arm-none-eabi/13.2.1/../../../../arm-none-eabi/lib/thumb/v7e-m+fp/hard/libc_nano.a(libc_a-lock.o)
                                                  /opt/gcc_arm_13_2/bin/../lib/gcc/arm-none-eabi/13.2.1/../../../../arm-none-eabi/lib/thumb/v7e-m+fp/hard/libc_nano.a(libc_a-mlock.o)
__retarget_lock_close                             /opt/gcc_arm_13_2/bin/../lib/gcc/arm-none-eabi/13.2.1/../../../../arm-none-eabi/lib/thumb/v7e-m+fp/hard/libc_nano.a(libc_a-lock.o)
__retarget_lock_close_recursive                   /opt/gcc_arm_13_2/bin/../lib/gcc/arm-none-eabi/13.2.1/../../../../arm-none-eabi/lib/thumb/v7e-m+fp/hard/libc_nano.a(libc_a-lock.o)
__retarget_lock_init                              /opt/gcc_arm_13_2/bin/../lib/gcc/arm-none-eabi/13.2.1/../../../../arm-none-eabi/lib/thumb/v7e-m+fp/hard/libc_nano.a(libc_a-lock.o)
__retarget_lock_init_recursive                    /opt/gcc_arm_13_2/bin/../lib/gcc/arm-none-eabi/13.2.1/../../../../arm-none-eabi/lib/thumb/v7e-m+fp/hard/libc_nano.a(libc_a-lock.o)
__retarget_lock_release                           /opt/gcc_arm_13_2/bin/../lib/gcc/arm-none-eabi/13.2.1/../../../../arm-none-eabi/lib/thumb/v7e-m+fp/hard/libc_nano.a(libc_a-lock.o)
__retarget_lock_release_recursive                 /opt/gcc_arm_13_2/bin/../lib/gcc/arm-none-eabi/13.2.1/../../../../arm-none-eabi/lib/thumb/v7e-m+fp/hard/libc_nano.a(libc_a-lock.o)
                                                  /opt/gcc_arm_13_2/bin/../lib/gcc/arm-none-eabi/13.2.1/../../../../arm-none-eabi/lib/thumb/v7e-m+fp/hard/libc_nano.a(libc_a-mlock.o)
__retarget_lock_try_acquire                       /opt/gcc_arm_13_2/bin/../lib/gcc/arm-none-eabi/13.2.1/../../../../arm-none-eabi/lib/thumb/v7e-m+fp/hard/libc_nano.a(libc_a-lock.o)
__retarget_lock_try_acquire_recursive             /opt/gcc_arm_13_2/bin/../lib/gcc/arm-none-eabi/13.2.1/../../../../arm-none-eabi/lib/thumb/v7e-m+fp/hard/libc_nano.a(libc_a-lock.o)
__sf                                              /opt/gcc_arm_13_2/bin/../lib/gcc/arm-none-eabi/13.2.1/../../../../arm-none-eabi/lib/thumb/v7e-m+fp/hard/libc_nano.a(libc_a-impure.o)
__ssprint_r                                       /opt/gcc_arm_13_2/bin/../lib/gcc/arm-none-eabi/13.2.1/../../../../arm-none-eabi/lib/thumb/v7e-m+fp/hard/libc_nano.a(libc_a-nano-svfprintf.o)
__ssputs_r                                        /opt/gcc_arm_13_2/bin/../lib/gcc/arm-none-eabi/13.2.1/../../../../arm-none-eabi/lib/thumb/v7e-m+fp/hard/libc_nano.a(libc_a-nano-svfprintf.o)
_data                                             ./deps/libopencm3/lib/libopencm3_stm32f4.a(vector.o)
_data_loadaddr                                    ./deps/libopencm3/lib/libopencm3_stm32f4.a(vector.o)
_ebss                                             ./deps/libopencm3/lib/libopencm3_stm32f4.a(vector.o)
_edata                                            ./deps/libopencm3/lib/libopencm3_stm32f4.a(vector.o)
_free_r                                           /opt/gcc_arm_13_2/bin/../lib/gcc/arm-none-eabi/13.2.1/../../../../arm-none-eabi/lib/thumb/v7e-m+fp/hard/libc_nano.a(libc_a-freer.o)
                                                  /opt/gcc_arm_13_2/bin/../lib/gcc/arm-none-eabi/13.2.1/../../../../arm-none-eabi/lib/thumb/v7e-m+fp/hard/libc_nano.a(libc_a-reent.o)
                                                  /opt/gcc_arm_13_2/bin/../lib/gcc/arm-none-eabi/13.2.1/../../../../arm-none-eabi/lib/thumb/v7e-m+fp/hard/libc_nano.a(libc_a-reallocr.o)
                                                  /opt/gcc_arm_13_2/bin/../lib/gcc/arm-none-eabi/13.2.1/../../../../arm-none-eabi/lib/thumb/v7e-m+fp/hard/libc_nano.a(libc_a-nano-svfprintf.o)
_impure_data                                      /opt/gcc_arm_13_2/bin/../lib/gcc/arm-none-eabi/13.2.1/../../../../arm-none-eabi/lib/thumb/v7e-m+fp/hard/libc_nano.a(libc_a-impure.o)
_impure_ptr                                       /opt/gcc_arm_13_2/bin/../lib/gcc/arm-none-eabi/13.2.1/../../../../arm-none-eabi/lib/thumb/v7e-m+fp/hard/libc_nano.a(libc_a-impure.o)
                                                  /opt/gcc_arm_13_2/bin/../lib/gcc/arm-none-eabi/13.2.1/../../../../arm-none-eabi/lib/thumb/v7e-m+fp/hard/libc_nano.a(libc_a-reent.o)
                                                  /opt/gcc_arm_13_2/bin/../lib/gcc/arm-none-eabi/13.2.1/../../../../arm-none-eabi/lib/thumb/v7e-m+fp/hard/libc_nano.a(libc_a-snprintf.o)
_malloc_r                                         /opt/gcc_arm_13_2/bin/../lib/gcc/arm-none-eabi/13.2.1/../../../../arm-none-eabi/lib/thumb/v7e-m+fp/hard/libc_nano.a(libc_a-mallocr.o)
                                                  /opt/gcc_arm_13_2/bin/../lib/gcc/arm-none-eabi/13.2.1/../../../../arm-none-eabi/lib/thumb/v7e-m+fp/hard/libc_nano.a(libc_a-reallocr.o)
                                                  /opt/gcc_arm_13_2/bin/../lib/gcc/arm-none-eabi/13.2.1/../../../../arm-none-eabi/lib/thumb/v7e-m+fp/hard/libc_nano.a(libc_a-nano-svfprintf.o)
_malloc_usable_size_r                             /opt/gcc_arm_13_2/bin/../lib/gcc/arm-none-eabi/13.2.1/../../../../arm-none-eabi/lib/thumb/v7e-m+fp/hard/libc_nano.a(libc_a-msizer.o)
                                                  /opt/gcc_arm_13_2/bin/../lib/gcc/arm-none-eabi/13.2.1/../../../../arm-none-eabi/lib/thumb/v7e-m+fp/hard/libc_nano.a(libc_a-reallocr.o)
_printf_common                                    /opt/gcc_arm_13_2/bin/../lib/gcc/arm-none-eabi/13.2.1/../../../../arm-none-eabi/lib/thumb/v7e-m+fp/hard/libc_nano.a(libc_a-nano-vfprintf_i.o)
_printf_float                                     /opt/gcc_arm_13_2/bin/../lib/gcc/arm-none-eabi/13.2.1/../../../../arm-none-eabi/lib/thumb/v7e-m+fp/hard/libc_nano.a(libc_a-nano-svfprintf.o)
_printf_i                                         /opt/gcc_arm_13_2/bin/../lib/gcc/arm-none-eabi/13.2.1/../../../../arm-none-eabi/lib/thumb/v7e-m+fp/hard/libc_nano.a(libc_a-nano-vfprintf_i.o)
                                                  /opt/gcc_arm_13_2/bin/../lib/gcc/arm-none-eabi/13.2.1/../../../../arm-none-eabi/lib/thumb/v7e-m+fp/hard/libc_nano.a(libc_a-nano-svfprintf.o)
_realloc_r                                        /opt/gcc_arm_13_2/bin/../lib/gcc/arm-none-eabi/13.2.1/../../../../arm-none-eabi/lib/thumb/v7e-m+fp/hard/libc_nano.a(libc_a-reallocr.o)
                                                  /opt/gcc_arm_13_2/bin/../lib/gcc/arm-none-eabi/13.2.1/../../../../arm-none-eabi/lib/thumb/v7e-m+fp/hard/libc_nano.a(libc_a-nano-svfprintf.o)
_reclaim_reent                                    /opt/gcc_arm_13_2/bin/../lib/gcc/arm-none-eabi/13.2.1/../../../../arm-none-eabi/lib/thumb/v7e-m+fp/hard/libc_nano.a(libc_a-reent.o)
_sbrk                                             /opt/gcc_arm_13_2/bin/../lib/gcc/arm-none-eabi/13.2.1/../../../../arm-none-eabi/lib/thumb/v7e-m+fp/hard/libnosys.a(sbrk.o)
                                                  /opt/gcc_arm_13_2/bin/../lib/gcc/arm-none-eabi/13.2.1/../../../../arm-none-eabi/lib/thumb/v7e-m+fp/hard/libc_nano.a(libc_a-sbrkr.o)
_sbrk_r                                           /opt/gcc_arm_13_2/bin/../lib/gcc/arm-none-eabi/13.2.1/../../../../arm-none-eabi/lib/thumb/v7e-m+fp/hard/libc_nano.a(libc_a-sbrkr.o)
                                                  /opt/gcc_arm_13_2/bin/../lib/gcc/arm-none-eabi/13.2.1/../../../../arm-none-eabi/lib/thumb/v7e-m+fp/hard/libc_nano.a(libc_a-mallocr.o)
_sniprintf_r                                      /opt/gcc_arm_13_2/bin/../lib/gcc/arm-none-eabi/13.2.1/../../../../arm-none-eabi/lib/thumb/v7e-m+fp/hard/libc_nano.a(libc_a-snprintf.o)
_snprintf_r                                       /opt/gcc_arm_13_2/bin/../lib/gcc/arm-none-eabi/13.2.1/../../../../arm-none-eabi/lib/thumb/v7e-m+fp/hard/libc_nano.a(libc_a-snprintf.o)
_stack                                            ./deps/libopencm3/lib/libopencm3_stm32f4.a(vector.o)
_svfiprintf_r                                     /opt/gcc_arm_13_2/bin/../lib/gcc/arm-none-eabi/13.2.1/../../../../arm-none-eabi/lib/thumb/v7e-m+fp/hard/libc_nano.a(libc_a-nano-svfprintf.o)
_svfprintf_r                                      /opt/gcc_arm_13_2/bin/../lib/gcc/arm-none-eabi/13.2.1/../../../../arm-none-eabi/lib/thumb/v7e-m+fp/hard/libc_nano.a(libc_a-nano-svfprintf.o)
                                                  /opt/gcc_arm_13_2/bin/../lib/gcc/arm-none-eabi/13.2.1/../../../../arm-none-eabi/lib/thumb/v7e-m+fp/hard/libc_nano.a(libc_a-snprintf.o)
adc_isr                                           ./deps/libopencm3/lib/libopencm3_stm32f4.a(vector.o)
blocking_handler                                  ./deps/libopencm3/lib/libopencm3_stm32f4.a(vector.o)
bus_fault_handler                                 ./deps/libopencm3/lib/libopencm3_stm32f4.a(vector.o)
can1_rx0_isr                                      ./deps/libopencm3/lib/libopencm3_stm32f4.a(vector.o)
can1_rx1_isr                                      ./deps/libopencm3/lib/libopencm3_stm32f4.a(vector.o)
can1_sce_isr                                      ./deps/libopencm3/lib/libopencm3_stm32f4.a(vector.o)
can1_tx_isr                                       ./deps/libopencm3/lib/libopencm3_stm32f4.a(vector.o)
can2_rx0_isr                                      ./deps/libopencm3/lib/libopencm3_stm32f4.a(vector.o)
can2_rx1_isr                                      ./deps/libopencm3/lib/libopencm3_stm32f4.a(vector.o)
can2_sce_isr                                      ./deps/libopencm3/lib/libopencm3_stm32f4.a(vector.o)
can2_tx_isr                                       ./deps/libopencm3/lib/libopencm3_stm32f4.a(vector.o)
cryp_isr                                          ./deps/libopencm3/lib/libopencm3_stm32f4.a(vector.o)
dcmi_isr                                          ./deps/libopencm3/lib/libopencm3_stm32f4.a(vector.o)
debug_monitor_handler                             ./deps/libopencm3/lib/libopencm3_stm32f4.a(vector.o)
dma1_stream0_isr                                  ./deps/libopencm3/lib/libopencm3_stm32f4.a(vector.o)
dma1_stream1_isr                                  ./deps/libopencm3/lib/libopencm3_stm32f4.a(vector.o)
dma1_stream2_isr                                  ./deps/libopencm3/lib/libopencm3_stm32f4.a(vector.o)
dma1_stream3_isr                                  ./deps/libopencm3/lib/libopencm3_stm32f4.a(vector.o)
dma1_stream4_isr                                  ./deps/libopencm3/lib/libopencm3_stm32f4.a(vector.o)
dma1_stream5_isr                                  ./deps/libopencm3/lib/libopencm3_stm32f4.a(vector.o)
dma1_stream6_isr                                  ./deps/libopencm3/lib/libopencm3_stm32f4.a(vector.o)
dma1_stream7_isr                                  ./deps/libopencm3/lib/libopencm3_stm32f4.a(vector.o)
dma2_stream0_isr                                  ./deps/libopencm3/lib/libopencm3_stm32f4.a(vector.o)
dma2_stream1_isr                                  ./deps/libopencm3/lib/libopencm3_stm32f4.a(vector.o)
dma2_stream2_isr                                  ./deps/libopencm3/lib/libopencm3_stm32f4.a(vector.o)
dma2_stream3_isr                                  ./deps/libopencm3/lib/libopencm3_stm32f4.a(vector.o)
dma2_stream4_isr                                  ./deps/libopencm3/lib/libopencm3_stm32f4.a(vector.o)
dma2_stream5_isr                                  ./deps/libopencm3/lib/libopencm3_stm32f4.a(vector.o)
dma2_stream6_isr                                  ./deps/libopencm3/lib/libopencm3_stm32f4.a(vector.o)
dma2_stream7_isr                                  ./deps/libopencm3/lib/libopencm3_stm32f4.a(vector.o)
dma2d_isr                                         ./deps/libopencm3/lib/libopencm3_stm32f4.a(vector.o)
eTaskGetState                                     build/tasks.o
end                                               /opt/gcc_arm_13_2/bin/../lib/gcc/arm-none-eabi/13.2.1/../../../../arm-none-eabi/lib/thumb/v7e-m+fp/hard/libnosys.a(sbrk.o)
errno                                             /opt/gcc_arm_13_2/bin/../lib/gcc/arm-none-eabi/13.2.1/../../../../arm-none-eabi/lib/thumb/v7e-m+fp/hard/libc_nano.a(libc_a-reent.o)
                                                  /opt/gcc_arm_13_2/bin/../lib/gcc/arm-none-eabi/13.2.1/../../../../arm-none-eabi/lib/thumb/v7e-m+fp/hard/libc_nano.a(libc_a-sbrkr.o)
eth_isr                                           ./deps/libopencm3/lib/libopencm3_stm32f4.a(vector.o)
eth_wkup_isr                                      ./deps/libopencm3/lib/libopencm3_stm32f4.a(vector.o)
exti0_isr                                         ./deps/libopencm3/lib/libopencm3_stm32f4.a(vector.o)
exti15_10_isr                                     ./deps/libopencm3/lib/libopencm3_stm32f4.a(vector.o)
exti1_isr                                         ./deps/libopencm3/lib/libopencm3_stm32f4.a(vector.o)
exti2_isr                                         ./deps/libopencm3/lib/libopencm3_stm32f4.a(vector.o)
exti3_isr                                         ./deps/libopencm3/lib/libopencm3_stm32f4.a(vector.o)
exti4_isr                                         ./deps/libopencm3/lib/libopencm3_stm32f4.a(vector.o)
exti9_5_isr                                       ./deps/libopencm3/lib/libopencm3_stm32f4.a(vector.o)
flash_dcache_disable                              ./deps/libopencm3/lib/libopencm3_stm32f4.a(flash_common_idcache.o)
                                                  ./deps/libopencm3/lib/libopencm3_stm32f4.a(rcc.o)
flash_dcache_enable                               ./deps/libopencm3/lib/libopencm3_stm32f4.a(flash_common_idcache.o)
                                                  ./deps/libopencm3/lib/libopencm3_stm32f4.a(rcc.o)
flash_dcache_reset                                ./deps/libopencm3/lib/libopencm3_stm32f4.a(flash_common_idcache.o)
flash_icache_disable                              ./deps/libopencm3/lib/libopencm3_stm32f4.a(flash_common_idcache.o)
                                                  ./deps/libopencm3/lib/libopencm3_stm32f4.a(rcc.o)
flash_icache_enable                               ./deps/libopencm3/lib/libopencm3_stm32f4.a(flash_common_idcache.o)
                                                  ./deps/libopencm3/lib/libopencm3_stm32f4.a(rcc.o)
flash_icache_reset                                ./deps/libopencm3/lib/libopencm3_stm32f4.a(flash_common_idcache.o)
flash_isr                                         ./deps/libopencm3/lib/libopencm3_stm32f4.a(vector.o)
flash_prefetch_disable                            ./deps/libopencm3/lib/libopencm3_stm32f4.a(flash_common_all.o)
flash_prefetch_enable                             ./deps/libopencm3/lib/libopencm3_stm32f4.a(flash_common_all.o)
flash_set_ws                                      ./deps/libopencm3/lib/libopencm3_stm32f4.a(flash_common_all.o)
                                                  ./deps/libopencm3/lib/libopencm3_stm32f4.a(rcc.o)
flash_unlock_option_bytes                         ./deps/libopencm3/lib/libopencm3_stm32f4.a(flash_common_all.o)
fpu_isr                                           ./deps/libopencm3/lib/libopencm3_stm32f4.a(vector.o)
fsmc_isr                                          ./deps/libopencm3/lib/libopencm3_stm32f4.a(vector.o)
gpio_clear                                        ./deps/libopencm3/lib/libopencm3_stm32f4.a(gpio_common_all.o)
gpio_get                                          ./deps/libopencm3/lib/libopencm3_stm32f4.a(gpio_common_all.o)
gpio_mode_setup                                   ./deps/libopencm3/lib/libopencm3_stm32f4.a(gpio_common_f0234.o)
                                                  build/setup.o
gpio_port_config_lock                             ./deps/libopencm3/lib/libopencm3_stm32f4.a(gpio_common_all.o)
gpio_port_read                                    ./deps/libopencm3/lib/libopencm3_stm32f4.a(gpio_common_all.o)
gpio_port_write                                   ./deps/libopencm3/lib/libopencm3_stm32f4.a(gpio_common_all.o)
gpio_set                                          ./deps/libopencm3/lib/libopencm3_stm32f4.a(gpio_common_all.o)
gpio_set_af                                       ./deps/libopencm3/lib/libopencm3_stm32f4.a(gpio_common_f0234.o)
gpio_set_output_options                           ./deps/libopencm3/lib/libopencm3_stm32f4.a(gpio_common_f0234.o)
gpio_toggle                                       ./deps/libopencm3/lib/libopencm3_stm32f4.a(gpio_common_all.o)
                                                  build/main.o
hard_fault_handler                                ./deps/libopencm3/lib/libopencm3_stm32f4.a(vector.o)
hash_rng_isr                                      ./deps/libopencm3/lib/libopencm3_stm32f4.a(vector.o)
i2c1_er_isr                                       ./deps/libopencm3/lib/libopencm3_stm32f4.a(vector.o)
i2c1_ev_isr                                       ./deps/libopencm3/lib/libopencm3_stm32f4.a(vector.o)
i2c2_er_isr                                       ./deps/libopencm3/lib/libopencm3_stm32f4.a(vector.o)
i2c2_ev_isr                                       ./deps/libopencm3/lib/libopencm3_stm32f4.a(vector.o)
i2c3_er_isr                                       ./deps/libopencm3/lib/libopencm3_stm32f4.a(vector.o)
i2c3_ev_isr                                       ./deps/libopencm3/lib/libopencm3_stm32f4.a(vector.o)
lcd_tft_err_isr                                   ./deps/libopencm3/lib/libopencm3_stm32f4.a(vector.o)
lcd_tft_isr                                       ./deps/libopencm3/lib/libopencm3_stm32f4.a(vector.o)
main                                              build/main.o
                                                  ./deps/libopencm3/lib/libopencm3_stm32f4.a(vector.o)
mem_manage_handler                                ./deps/libopencm3/lib/libopencm3_stm32f4.a(vector.o)
memchr                                            /opt/gcc_arm_13_2/bin/../lib/gcc/arm-none-eabi/13.2.1/../../../../arm-none-eabi/lib/thumb/v7e-m+fp/hard/libc_nano.a(libc_a-memchr.o)
                                                  /opt/gcc_arm_13_2/bin/../lib/gcc/arm-none-eabi/13.2.1/../../../../arm-none-eabi/lib/thumb/v7e-m+fp/hard/libc_nano.a(libc_a-nano-vfprintf_i.o)
                                                  /opt/gcc_arm_13_2/bin/../lib/gcc/arm-none-eabi/13.2.1/../../../../arm-none-eabi/lib/thumb/v7e-m+fp/hard/libc_nano.a(libc_a-nano-svfprintf.o)
memcmp                                            /opt/gcc_arm_13_2/bin/../lib/gcc/arm-none-eabi/13.2.1/../../../../arm-none-eabi/lib/thumb/v7e-m+fp/hard/libc_nano.a(libc_a-memcmp.o)
                                                  build/SEGGER_SYSVIEW_FreeRTOS.o
memcpy                                            /opt/gcc_arm_13_2/bin/../lib/gcc/arm-none-eabi/13.2.1/../../../../arm-none-eabi/lib/thumb/v7e-m+fp/hard/libc_nano.a(libc_a-memcpy-stub.o)
                                                  /opt/gcc_arm_13_2/bin/../lib/gcc/arm-none-eabi/13.2.1/../../../../arm-none-eabi/lib/thumb/v7e-m+fp/hard/libc_nano.a(libc_a-reallocr.o)
                                                  /opt/gcc_arm_13_2/bin/../lib/gcc/arm-none-eabi/13.2.1/../../../../arm-none-eabi/lib/thumb/v7e-m+fp/hard/libc_nano.a(libc_a-nano-svfprintf.o)
                                                  build/SEGGER_RTT.o
                                                  build/queue.o